Microchip MPLAB XC8 Compiler V2.10 ()

Linker command line:

-W-3 --edf=C:\Program Files (x86)\Microchip\xc8\v2.10\pic\dat\en_msgs.txt \
  -cs -h+dist/default/debug\IRdA.X.debug.sym \
  --cmf=dist/default/debug\IRdA.X.debug.cmf -z -Q16LF18313 \
  -oC:\Users\10158431\AppData\Local\Temp\s2pe4.2 --defsym=__MPLAB_BUILD=1 \
  -Mdist/default/debug/IRdA.X.debug.map -E1 -ver=XC8 --acfsm=1493 \
  -ASTACK=0203Ch-0204Fh -pstack=STACK -ACODE=00h-07FFh -ASTRCODE=00h-07FFh \
  -ASTRING=00h-0FFhx8 -ACONST=00h-0FFhx8 -AENTRY=00h-0FFhx8 \
  -ACOMMON=070h-07Fh -ABANK0=020h-06Fh -ABANK1=0A0h-0EFh \
  -ABANK2=0120h-016Fh -ABIGRAM=02000h-020EFh \
  -ARAM=020h-06Fh,0A0h-0EFh,0120h-016Fh \
  -AABS1=020h-07Fh,0A0h-0EFh,0120h-016Fh -ASFR0=00h-01Fh -ASFR1=080h-09Fh \
  -ASFR2=0100h-011Fh -ASFR3=0180h-01EFh -ASFR4=0200h-026Fh \
  -ASFR5=0280h-02EFh -ASFR6=0300h-036Fh -ASFR7=0380h-03EFh \
  -ASFR8=0400h-046Fh -ASFR9=0480h-04EFh -ASFR10=0500h-056Fh \
  -ASFR11=0580h-05EFh -ASFR12=0600h-066Fh -ASFR13=0680h-06EFh \
  -ASFR14=0700h-076Fh -ASFR15=0780h-07EFh -ASFR16=0800h-086Fh \
  -ASFR17=0880h-08EFh -ASFR18=0900h-096Fh -ASFR19=0980h-09EFh \
  -ASFR20=0A00h-0A6Fh -ASFR21=0A80h-0AEFh -ASFR22=0B00h-0B6Fh \
  -ASFR23=0B80h-0BEFh -ASFR24=0C00h-0C6Fh -ASFR25=0C80h-0CEFh \
  -ASFR26=0D00h-0D6Fh -ASFR27=0D80h-0DEFh -ASFR28=0E00h-0E6Fh \
  -ASFR29=0E80h-0EEFh -ASFR30=0F00h-0F6Fh -ASFR31=0F80h-0FEFh \
  -preset_vec=00h,intentry=04h,init,end_init -ppowerup=CODE -pcinit=CODE \
  -pfunctab=ENTRY -ACONFIG=08007h-0800Ah -pconfig=CONFIG -DCONFIG=2 \
  -AIDLOC=08000h-08003h -pidloc=IDLOC -DIDLOC=2 -AEEDATA=00h-0FFh/0F000h \
  -peeprom_data=EEDATA -DEEDATA=2 -DCODE=2 -DSTRCODE=2 -DSTRING=2 -DCONST=2 \
  -DENTRY=2 -k C:\Users\10158431\AppData\Local\Temp\s2pe4.o \
  dist/default/debug\IRdA.X.debug.o 

Object code version is 3.11

Machine type is 16LF18313



                Name                               Link     Load   Length Selector   Space Scale
C:\Users\10158431\AppData\Local\Temp\s2pe4.o
                end_init                             32       32        1        8       0
                reset_vec                             0        0        1        0       0
                config                             8007     8007        4    1000E       0
dist/default/debug\IRdA.X.debug.o
                cinit                                33       33       1E        8       0
                intentry                              4        4       2E        8       0
                text20                              218      218       10        8       0
                text19                              276      276        3        8       0
                text18                              237      237        F        8       0
                text17                              141      141       2C        8       0
                text15                              279      279        2        8       0
                text14                              273      273        3        8       0
                text13                              246      246        B        8       0
                text12                              251      251        A        8       0
                text11                              26B      26B        5        8       0
                text10                              16D      16D       2B        8       0
                text9                               1DF      1DF       22        8       0
                text8                               115      115       2C        8       0
                text7                                51       51       C4        8       0
                text6                               266      266        5        8       0
                text5                               261      261        5        8       0
                text4                               228      228        F        8       0
                text3                               1BC      1BC       23        8       0
                text2                               270      270        3        8       0
                text1                               201      201       17        8       0
                maintext                            198      198       24        8       0
                cstackBANK0                          20       20       33       20       1
                cstackCOMMON                         70       70        8       70       1
                clrtext                             25B      25B        6        8       0
                bssBANK2                            120      120       44      120       1
                bssBANK1                             A0       A0       42       A0       1
                bssBANK0                             53       53        9       20       1
                bssCOMMON                            78       78        3       70       1

TOTAL           Name                               Link     Load   Length     Space
        CLASS   STACK          

        CLASS   CODE           
                end_init                             32       32        1         0
                cinit                                33       33       1E         0
                intentry                              4        4       2E         0
                reset_vec                             0        0        1         0
                text20                              218      218       10         0
                text19                              276      276        3         0
                text18                              237      237        F         0
                text17                              141      141       2C         0
                text15                              279      279        2         0
                text14                              273      273        3         0
                text13                              246      246        B         0
                text12                              251      251        A         0
                text11                              26B      26B        5         0
                text10                              16D      16D       2B         0
                text9                               1DF      1DF       22         0
                text8                               115      115       2C         0
                text7                                51       51       C4         0
                text6                               266      266        5         0
                text5                               261      261        5         0
                text4                               228      228        F         0
                text3                               1BC      1BC       23         0
                text2                               270      270        3         0
                text1                               201      201       17         0
                maintext                            198      198       24         0
                clrtext                             25B      25B        6         0

        CLASS   STRCODE        

        CLASS   STRING         

        CLASS   CONST          

        CLASS   ENTRY          

        CLASS   COMMON         
                cstackCOMMON                         70       70        8         1
                bssCOMMON                            78       78        3         1

        CLASS   BANK0          
                cstackBANK0                          20       20       33         1
                bssBANK0                             53       53        9         1

        CLASS   BANK1          
                bssBANK1                             A0       A0       42         1

        CLASS   BANK2          
                bssBANK2                            120      120       44         1

        CLASS   BIGRAM         

        CLASS   RAM            

        CLASS   ABS1           
                abs_s1                               7E       7E        2         1

        CLASS   SFR0           

        CLASS   SFR1           

        CLASS   SFR2           

        CLASS   SFR3           

        CLASS   SFR4           

        CLASS   SFR5           

        CLASS   SFR6           

        CLASS   SFR7           

        CLASS   SFR8           

        CLASS   SFR9           

        CLASS   SFR10          

        CLASS   SFR11          

        CLASS   SFR12          

        CLASS   SFR13          

        CLASS   SFR14          

        CLASS   SFR15          

        CLASS   SFR16          

        CLASS   SFR17          

        CLASS   SFR18          

        CLASS   SFR19          

        CLASS   SFR20          

        CLASS   SFR21          

        CLASS   SFR22          

        CLASS   SFR23          

        CLASS   SFR24          

        CLASS   SFR25          

        CLASS   SFR26          

        CLASS   SFR27          

        CLASS   SFR28          

        CLASS   SFR29          

        CLASS   SFR30          

        CLASS   SFR31          

        CLASS   CONFIG         
                config                             8007     8007        4         0

        CLASS   IDLOC          

        CLASS   EEDATA         

        CLASS   BANK31         

        CLASS   BANK30         

        CLASS   BANK29         

        CLASS   BANK28         

        CLASS   BANK27         

        CLASS   BANK26         

        CLASS   BANK25         

        CLASS   BANK24         

        CLASS   BANK23         

        CLASS   BANK22         

        CLASS   BANK21         

        CLASS   BANK20         

        CLASS   BANK19         

        CLASS   BANK18         

        CLASS   BANK17         

        CLASS   BANK16         

        CLASS   BANK15         

        CLASS   BANK14         

        CLASS   BANK13         

        CLASS   BANK12         

        CLASS   BANK11         

        CLASS   BANK10         

        CLASS   BANK9          

        CLASS   BANK8          

        CLASS   BANK7          

        CLASS   BANK6          

        CLASS   BANK5          

        CLASS   BANK4          

        CLASS   BANK3          



SEGMENTS        Name                           Load    Length   Top    Selector   Space  Class     Delta

                reset_vec                      000000  000001  000001         0       0  CODE        2
                intentry                       000004  000277  00027B         8       0  CODE        2
                cstackBANK0                    000020  00003C  00005C        20       1  BANK0       1
                cstackCOMMON                   000070  00000B  00007B        70       1  COMMON      1
                bssBANK1                       0000A0  000042  0000E2        A0       1  BANK1       1
                bssBANK2                       000120  000044  000164       120       1  BANK2       1
                config                         008007  000004  00800B     1000E       0  CONFIG      2


UNUSED ADDRESS RANGES

        Name                Unused          Largest block    Delta
        BANK0            0005C-0006F              14           1
        BANK1            000E2-000EF               E           1
        BANK2            00164-0016F               C           1
        BIGRAM           02000-020EF              F0           1
        CODE             00001-00003               3           2
                         0027B-007FF             585
        COMMON           0007B-0007D               3           1
        CONST            00001-00003               3           2
                         0027B-007FF             100
        EEDATA           0F000-0F0FF             100           2
        ENTRY            00001-00003               3           2
                         0027B-007FF             100
        IDLOC            08000-08003               4           2
        RAM              0005C-0006F              14           1
                         000E2-000EF               E
                         00164-0016F               C
        SFR0             00000-0001F              20           1
        SFR1             00080-0009F              20           1
        SFR10            00500-0056F              70           1
        SFR11            00580-005EF              70           1
        SFR12            00600-0066F              70           1
        SFR13            00680-006EF              70           1
        SFR14            00700-0076F              70           1
        SFR15            00780-007EF              70           1
        SFR16            00800-0086F              70           1
        SFR17            00880-008EF              70           1
        SFR18            00900-0096F              70           1
        SFR19            00980-009EF              70           1
        SFR2             00100-0011F              20           1
        SFR20            00A00-00A6F              70           1
        SFR21            00A80-00AEF              70           1
        SFR22            00B00-00B6F              70           1
        SFR23            00B80-00BEF              70           1
        SFR24            00C00-00C6F              70           1
        SFR25            00C80-00CEF              70           1
        SFR26            00D00-00D6F              70           1
        SFR27            00D80-00DEF              70           1
        SFR28            00E00-00E6F              70           1
        SFR29            00E80-00EEF              70           1
        SFR3             00180-001EF              70           1
        SFR30            00F00-00F6F              70           1
        SFR31            00F80-00FEF              70           1
        SFR4             00200-0026F              70           1
        SFR5             00280-002EF              70           1
        SFR6             00300-0036F              70           1
        SFR7             00380-003EF              70           1
        SFR8             00400-0046F              70           1
        SFR9             00480-004EF              70           1
        STACK            0203C-0204F              14           1
        STRCODE          00001-00003               3           2
                         0027B-007FF             585
        STRING           00001-00003               3           2
                         0027B-007FF             100

                                  Symbol Table

?___wmul                           cstackCOMMON 00073
?_tmr_computeDelta                 cstackBANK0  00022
_ANSELAbits                        (abs)        0018C
_BAUD1CONbits                      (abs)        0019F
_CCP1CON                           (abs)        00293
_CCP1CONbits                       (abs)        00293
_CCPR1H                            (abs)        00292
_CCPR1L                            (abs)        00291
_CPUDOZEbits                       (abs)        00918
_INTCONbits                        (abs)        0000B
_IOCAFbits                         (abs)        00393
_IOCANbits                         (abs)        00392
_ISR                               intentry     00004
_LATAbits                          (abs)        0010C
_OSCCON1                           (abs)        00919
_OSCCON3bits                       (abs)        0091B
_OSCFRQ                            (abs)        0091F
_OSCSTAT1bits                      (abs)        0091C
_PIE0bits                          (abs)        00090
_PIE1bits                          (abs)        00091
_PIE4bits                          (abs)        00094
_PIR0bits                          (abs)        00010
_PIR1bits                          (abs)        00011
_PIR4bits                          (abs)        00014
_PMD0bits                          (abs)        00911
_PMD1bits                          (abs)        00912
_PMD2bits                          (abs)        00913
_PMD3bits                          (abs)        00914
_PMD4bits                          (abs)        00915
_PMD5bits                          (abs)        00916
_RA0PPS                            (abs)        00E90
_RC1STAbits                        (abs)        0019D
_SPBRGL                            (abs)        0019B
_T0CON0bits                        (abs)        00017
_T0CON1bits                        (abs)        00018
_T1CONbits                         (abs)        0001B
_TMR0H                             (abs)        00016
_TMR0L                             (abs)        00015
_TMR0countArray                    bssBANK2     00120
_TMR0rolloverArray                 bssBANK1     000A0
_TMR0rollovers                     bssCOMMON    0007A
_TMR1                              (abs)        00019
_TRISAbits                         (abs)        0008C
_TX1STAbits                        (abs)        0019E
_TXREG                             (abs)        0019A
_U0_RxBuf_t                        bssBANK0     00058
__CFG_BOREN$OFF                    (abs)        00000
__CFG_BORV$LOW                     (abs)        00000
__CFG_CLKOUTEN$OFF                 (abs)        00000
__CFG_CP$OFF                       (abs)        00000
__CFG_CPD$OFF                      (abs)        00000
__CFG_CSWEN$ON                     (abs)        00000
__CFG_DEBUG$ON                     (abs)        00000
__CFG_FCMEN$OFF                    (abs)        00000
__CFG_FEXTOSC$LP                   (abs)        00000
__CFG_LPBOREN$OFF                  (abs)        00000
__CFG_LVP$OFF                      (abs)        00000
__CFG_MCLRE$ON                     (abs)        00000
__CFG_PPS1WAY$ON                   (abs)        00000
__CFG_PWRTE$OFF                    (abs)        00000
__CFG_RSTOSC$HFINT1                (abs)        00000
__CFG_STVREN$ON                    (abs)        00000
__CFG_WDTE$OFF                     (abs)        00000
__CFG_WRT$OFF                      (abs)        00000
__Habs1                            abs1         00000
__Hbank0                           bank0        00000
__Hbank1                           bank1        00000
__Hbank10                          bank10       00000
__Hbank11                          bank11       00000
__Hbank12                          bank12       00000
__Hbank13                          bank13       00000
__Hbank14                          bank14       00000
__Hbank15                          bank15       00000
__Hbank16                          bank16       00000
__Hbank17                          bank17       00000
__Hbank18                          bank18       00000
__Hbank19                          bank19       00000
__Hbank2                           bank2        00000
__Hbank20                          bank20       00000
__Hbank21                          bank21       00000
__Hbank22                          bank22       00000
__Hbank23                          bank23       00000
__Hbank24                          bank24       00000
__Hbank25                          bank25       00000
__Hbank26                          bank26       00000
__Hbank27                          bank27       00000
__Hbank28                          bank28       00000
__Hbank29                          bank29       00000
__Hbank3                           bank3        00000
__Hbank30                          bank30       00000
__Hbank31                          bank31       00000
__Hbank4                           bank4        00000
__Hbank5                           bank5        00000
__Hbank6                           bank6        00000
__Hbank7                           bank7        00000
__Hbank8                           bank8        00000
__Hbank9                           bank9        00000
__Hbigram                          bigram       00000
__HbssBANK0                        bssBANK0     00000
__HbssBANK1                        bssBANK1     00000
__HbssBANK2                        bssBANK2     00000
__HbssCOMMON                       bssCOMMON    00000
__Hcinit                           cinit        00051
__Hclrtext                         clrtext      00000
__Hcode                            code         00000
__Hcommon                          common       00000
__Hconfig                          config       0800B
__HcstackBANK0                     cstackBANK0  00000
__HcstackCOMMON                    cstackCOMMON 00000
__Heeprom_data                     eeprom_data  00000
__Hend_init                        end_init     00033
__Hfunctab                         functab      00000
__Hidloc                           idloc        00000
__Hinit                            init         00032
__Hintentry                        intentry     00032
__Hmaintext                        maintext     00000
__Hpowerup                         powerup      00000
__Hram                             ram          00000
__Hreset_vec                       reset_vec    00001
__Hsfr0                            sfr0         00000
__Hsfr1                            sfr1         00000
__Hsfr10                           sfr10        00000
__Hsfr11                           sfr11        00000
__Hsfr12                           sfr12        00000
__Hsfr13                           sfr13        00000
__Hsfr14                           sfr14        00000
__Hsfr15                           sfr15        00000
__Hsfr16                           sfr16        00000
__Hsfr17                           sfr17        00000
__Hsfr18                           sfr18        00000
__Hsfr19                           sfr19        00000
__Hsfr2                            sfr2         00000
__Hsfr20                           sfr20        00000
__Hsfr21                           sfr21        00000
__Hsfr22                           sfr22        00000
__Hsfr23                           sfr23        00000
__Hsfr24                           sfr24        00000
__Hsfr25                           sfr25        00000
__Hsfr26                           sfr26        00000
__Hsfr27                           sfr27        00000
__Hsfr28                           sfr28        00000
__Hsfr29                           sfr29        00000
__Hsfr3                            sfr3         00000
__Hsfr30                           sfr30        00000
__Hsfr31                           sfr31        00000
__Hsfr4                            sfr4         00000
__Hsfr5                            sfr5         00000
__Hsfr6                            sfr6         00000
__Hsfr7                            sfr7         00000
__Hsfr8                            sfr8         00000
__Hsfr9                            sfr9         00000
__Hspace_0                         (abs)        0800B
__Hspace_1                         (abs)        00164
__Hspace_2                         (abs)        00000
__Hspace_3                         (abs)        00000
__Hstack                           stack        00000
__Hstrings                         strings      00000
__Htext                            text         00000
__Labs1                            abs1         00000
__Lbank0                           bank0        00000
__Lbank1                           bank1        00000
__Lbank10                          bank10       00000
__Lbank11                          bank11       00000
__Lbank12                          bank12       00000
__Lbank13                          bank13       00000
__Lbank14                          bank14       00000
__Lbank15                          bank15       00000
__Lbank16                          bank16       00000
__Lbank17                          bank17       00000
__Lbank18                          bank18       00000
__Lbank19                          bank19       00000
__Lbank2                           bank2        00000
__Lbank20                          bank20       00000
__Lbank21                          bank21       00000
__Lbank22                          bank22       00000
__Lbank23                          bank23       00000
__Lbank24                          bank24       00000
__Lbank25                          bank25       00000
__Lbank26                          bank26       00000
__Lbank27                          bank27       00000
__Lbank28                          bank28       00000
__Lbank29                          bank29       00000
__Lbank3                           bank3        00000
__Lbank30                          bank30       00000
__Lbank31                          bank31       00000
__Lbank4                           bank4        00000
__Lbank5                           bank5        00000
__Lbank6                           bank6        00000
__Lbank7                           bank7        00000
__Lbank8                           bank8        00000
__Lbank9                           bank9        00000
__Lbigram                          bigram       00000
__LbssBANK0                        bssBANK0     00000
__LbssBANK1                        bssBANK1     00000
__LbssBANK2                        bssBANK2     00000
__LbssCOMMON                       bssCOMMON    00000
__Lcinit                           cinit        00033
__Lclrtext                         clrtext      00000
__Lcode                            code         00000
__Lcommon                          common       00000
__Lconfig                          config       08007
__LcstackBANK0                     cstackBANK0  00000
__LcstackCOMMON                    cstackCOMMON 00000
__Leeprom_data                     eeprom_data  00000
__Lend_init                        end_init     00032
__Lfunctab                         functab      00000
__Lidloc                           idloc        00000
__Linit                            init         00032
__Lintentry                        intentry     00004
__Lmaintext                        maintext     00000
__Lpowerup                         powerup      00000
__Lram                             ram          00000
__Lreset_vec                       reset_vec    00000
__Lsfr0                            sfr0         00000
__Lsfr1                            sfr1         00000
__Lsfr10                           sfr10        00000
__Lsfr11                           sfr11        00000
__Lsfr12                           sfr12        00000
__Lsfr13                           sfr13        00000
__Lsfr14                           sfr14        00000
__Lsfr15                           sfr15        00000
__Lsfr16                           sfr16        00000
__Lsfr17                           sfr17        00000
__Lsfr18                           sfr18        00000
__Lsfr19                           sfr19        00000
__Lsfr2                            sfr2         00000
__Lsfr20                           sfr20        00000
__Lsfr21                           sfr21        00000
__Lsfr22                           sfr22        00000
__Lsfr23                           sfr23        00000
__Lsfr24                           sfr24        00000
__Lsfr25                           sfr25        00000
__Lsfr26                           sfr26        00000
__Lsfr27                           sfr27        00000
__Lsfr28                           sfr28        00000
__Lsfr29                           sfr29        00000
__Lsfr3                            sfr3         00000
__Lsfr30                           sfr30        00000
__Lsfr31                           sfr31        00000
__Lsfr4                            sfr4         00000
__Lsfr5                            sfr5         00000
__Lsfr6                            sfr6         00000
__Lsfr7                            sfr7         00000
__Lsfr8                            sfr8         00000
__Lsfr9                            sfr9         00000
__Lspace_0                         (abs)        00000
__Lspace_1                         (abs)        00000
__Lspace_2                         (abs)        00000
__Lspace_3                         (abs)        00000
__Lstack                           stack        00000
__Lstrings                         strings      00000
__Ltext                            text         00000
__S0                               (abs)        0800B
__S1                               (abs)        00164
__S2                               (abs)        00000
__S3                               (abs)        00000
___int_sp                          stack        00000
___latbits                         (abs)        00000
___sp                              stack        00000
___stackhi                         (abs)        0204F
___stacklo                         (abs)        0203C
___wmul                            text9        001DF
___wmul@multiplicand               cstackCOMMON 00075
___wmul@multiplier                 cstackCOMMON 00073
___wmul@product                    cstackBANK0  00020
__end_of_ISR                       intentry     00032
__end_of___wmul                    text9        00201
__end_of__initialization           cinit        0004E
__end_of_accquisitionComplete      text15       0027B
__end_of_ccp_CCP1CompareMatch      text20       00228
__end_of_ccp_CCP1En                text14       00276
__end_of_ccp_CCP1Init              text13       00251
__end_of_configureIOCInt           text12       0025B
__end_of_led_ConfigureLED          text11       00270
__end_of_main                      maintext     001BC
__end_of_nec_ExecuteCommand        text10       00198
__end_of_nec_ProcessPacket         text7        00115
__end_of_osc_Config1MHz            text6        0026B
__end_of_pwrmgmt_ConfigUnusedPins  text5        00266
__end_of_tmr_TMR0Dis               text19       00279
__end_of_tmr_TMR0IncRollovers      text18       00246
__end_of_tmr_TMR0Init              text4        00237
__end_of_tmr_TMR0mark              text17       0016D
__end_of_tmr_TMR0reset             text3        001DF
__end_of_tmr_TMR1En                text2        00273
__end_of_tmr_TMR1Init              text1        00218
__end_of_tmr_computeDelta          text8        00141
__initialization                   cinit        00033
__pbssBANK0                        bssBANK0     00053
__pbssBANK1                        bssBANK1     000A0
__pbssBANK2                        bssBANK2     00120
__pbssCOMMON                       bssCOMMON    00078
__pcstackBANK0                     cstackBANK0  00020
__pcstackCOMMON                    cstackCOMMON 00070
__pintentry                        intentry     00004
__pmaintext                        maintext     00198
__ptext1                           text1        00201
__ptext10                          text10       0016D
__ptext11                          text11       0026B
__ptext12                          text12       00251
__ptext13                          text13       00246
__ptext14                          text14       00273
__ptext15                          text15       00279
__ptext17                          text17       00141
__ptext18                          text18       00237
__ptext19                          text19       00276
__ptext2                           text2        00270
__ptext20                          text20       00218
__ptext3                           text3        001BC
__ptext4                           text4        00228
__ptext5                           text5        00261
__ptext6                           text6        00266
__ptext7                           text7        00051
__ptext8                           text8        00115
__ptext9                           text9        001DF
__size_of_ISR                      (abs)        00000
__size_of___wmul                   (abs)        00000
__size_of_accquisitionComplete     (abs)        00000
__size_of_ccp_CCP1CompareMatch     (abs)        00000
__size_of_ccp_CCP1En               (abs)        00000
__size_of_ccp_CCP1Init             (abs)        00000
__size_of_configureIOCInt          (abs)        00000
__size_of_led_ConfigureLED         (abs)        00000
__size_of_main                     (abs)        00000
__size_of_nec_ExecuteCommand       (abs)        00000
__size_of_nec_ProcessPacket        (abs)        00000
__size_of_osc_Config1MHz           (abs)        00000
__size_of_pwrmgmt_ConfigUnusedPins (abs)        00000
__size_of_tmr_TMR0Dis              (abs)        00000
__size_of_tmr_TMR0IncRollovers     (abs)        00000
__size_of_tmr_TMR0Init             (abs)        00000
__size_of_tmr_TMR0mark             (abs)        00000
__size_of_tmr_TMR0reset            (abs)        00000
__size_of_tmr_TMR1En               (abs)        00000
__size_of_tmr_TMR1Init             (abs)        00000
__size_of_tmr_computeDelta         (abs)        00000
_accComplete                       bssCOMMON    00078
_accquisitionComplete              text15       00279
_ccp_CCP1CompareMatch              text20       00218
_ccp_CCP1En                        text14       00273
_ccp_CCP1Init                      text13       00246
_configureIOCInt                   text12       00251
_delay                             bssBANK0     00053
_led_ConfigureLED                  text11       0026B
_main                              maintext     00198
_nec_ExecuteCommand                text10       0016D
_nec_ProcessPacket                 text7        00051
_osc_Config1MHz                    text6        00266
_pwrmgmt_ConfigUnusedPins          text5        00261
_sample                            bssCOMMON    00079
_seconds                           bssBANK0     00055
_tmr_TMR0Dis                       text19       00276
_tmr_TMR0IncRollovers              text18       00237
_tmr_TMR0Init                      text4        00228
_tmr_TMR0mark                      text17       00141
_tmr_TMR0reset                     text3        001BC
_tmr_TMR1En                        text2        00270
_tmr_TMR1Init                      text1        00201
_tmr_computeDelta                  text8        00115
btemp                              (abs)        0007E
clear_ram0                         clrtext      0025B
end_of_initialization              cinit        0004E
int$flags                          (abs)        0007E
intlevel0                          functab      00000
intlevel1                          functab      00000
intlevel2                          functab      00000
intlevel3                          functab      00000
intlevel4                          functab      00000
intlevel5                          functab      00000
nec_ExecuteCommand@NECcommand      cstackCOMMON 00075
nec_ProcessPacket@NECpacket        cstackBANK0  0002A
nec_ProcessPacket@command          cstackBANK0  0004A
nec_ProcessPacket@delta            cstackBANK0  0004D
nec_ProcessPacket@i                cstackBANK0  0004B
reset_vec                          reset_vec    00000
start                              init         00032
start_initialization               cinit        00033
tmr_TMR0reset@i                    cstackCOMMON 00074
tmr_computeDelta@i                 cstackCOMMON 00077
wtemp0                             (abs)        0007E


FUNCTION INFORMATION:

 *************** function _main *****************
 Defined at:
		line 45 in file "main.c"
 Parameters:    Size  Location     Type
  argc            2   47[BANK0 ] int 
  argv            2   49[BANK0 ] PTR PTR unsigned char 
 Auto vars:     Size  Location     Type
  NECcommand      1    0        unsigned char 
 Return value:  Size  Location     Type
                  2   47[BANK0 ] int 
 Registers used:
		wreg, fsr1l, fsr1h, status,2, status,0, pclath, cstack
 Tracked objects:
		On entry : 
		On exit  : 
		Unchanged: 
 Data sizes:     COMMON   BANK0   BANK1   BANK2
      Params:         0       4       0       0
      Locals:         0       1       0       0
      Temps:          0       0       0       0
      Totals:         0       5       0       0
Total ram usage:        5 bytes
 Hardware stack levels required when called:    6
 This function calls:
		_accquisitionComplete
		_ccp_CCP1En
		_ccp_CCP1Init
		_configureIOCInt
		_led_ConfigureLED
		_nec_ExecuteCommand
		_nec_ProcessPacket
		_osc_Config1MHz
		_pwrmgmt_ConfigUnusedPins
		_tmr_TMR0Init
		_tmr_TMR0reset
		_tmr_TMR1En
		_tmr_TMR1Init
 This function is called by:
		Startup code after reset
 This function uses a non-reentrant model


 *************** function _tmr_TMR1Init *****************
 Defined at:
		line 81 in file "tmr_TMR1.c"
 Parameters:    Size  Location     Type
		None
 Auto vars:     Size  Location     Type
		None
 Return value:  Size  Location     Type
                  1    wreg      void 
 Registers used:
		wreg, status,2, status,0
 Tracked objects:
		On entry : 
		On exit  : 
		Unchanged: 
 Data sizes:     COMMON   BANK0   BANK1   BANK2
      Params:         0       0       0       0
      Locals:         0       0       0       0
      Temps:          1       0       0       0
      Totals:         1       0       0       0
Total ram usage:        1 bytes
 Hardware stack levels used:    1
 Hardware stack levels required when called:    3
 This function calls:
		Nothing
 This function is called by:
		_main
 This function uses a non-reentrant model


 *************** function _tmr_TMR1En *****************
 Defined at:
		line 124 in file "tmr_TMR1.c"
 Parameters:    Size  Location     Type
		None
 Auto vars:     Size  Location     Type
		None
 Return value:  Size  Location     Type
                  1    wreg      void 
 Registers used:
		None
 Tracked objects:
		On entry : 
		On exit  : 
		Unchanged: 
 Data sizes:     COMMON   BANK0   BANK1   BANK2
      Params:         0       0       0       0
      Locals:         0       0       0       0
      Temps:          0       0       0       0
      Totals:         0       0       0       0
Total ram usage:        0 bytes
 Hardware stack levels used:    1
 Hardware stack levels required when called:    3
 This function calls:
		Nothing
 This function is called by:
		_main
 This function uses a non-reentrant model


 *************** function _tmr_TMR0reset *****************
 Defined at:
		line 34 in file "tmr_TMR0.c"
 Parameters:    Size  Location     Type
		None
 Auto vars:     Size  Location     Type
  i               2    4[COMMON] int 
 Return value:  Size  Location     Type
                  1    wreg      void 
 Registers used:
		wreg, fsr1l, fsr1h, status,2, status,0
 Tracked objects:
		On entry : 
		On exit  : 
		Unchanged: 
 Data sizes:     COMMON   BANK0   BANK1   BANK2
      Params:         0       0       0       0
      Locals:         2       0       0       0
      Temps:          1       0       0       0
      Totals:         3       0       0       0
Total ram usage:        3 bytes
 Hardware stack levels used:    1
 Hardware stack levels required when called:    3
 This function calls:
		Nothing
 This function is called by:
		_main
 This function uses a non-reentrant model


 *************** function _tmr_TMR0Init *****************
 Defined at:
		line 53 in file "tmr_TMR0.c"
 Parameters:    Size  Location     Type
		None
 Auto vars:     Size  Location     Type
		None
 Return value:  Size  Location     Type
                  1    wreg      void 
 Registers used:
		wreg, status,2, status,0
 Tracked objects:
		On entry : 
		On exit  : 
		Unchanged: 
 Data sizes:     COMMON   BANK0   BANK1   BANK2
      Params:         0       0       0       0
      Locals:         0       0       0       0
      Temps:          0       0       0       0
      Totals:         0       0       0       0
Total ram usage:        0 bytes
 Hardware stack levels used:    1
 Hardware stack levels required when called:    3
 This function calls:
		Nothing
 This function is called by:
		_main
 This function uses a non-reentrant model


 *************** function _pwrmgmt_ConfigUnusedPins *****************
 Defined at:
		line 39 in file "PowerManagement.c"
 Parameters:    Size  Location     Type
		None
 Auto vars:     Size  Location     Type
		None
 Return value:  Size  Location     Type
                  1    wreg      void 
 Registers used:
		None
 Tracked objects:
		On entry : 
		On exit  : 
		Unchanged: 
 Data sizes:     COMMON   BANK0   BANK1   BANK2
      Params:         0       0       0       0
      Locals:         0       0       0       0
      Temps:          0       0       0       0
      Totals:         0       0       0       0
Total ram usage:        0 bytes
 Hardware stack levels used:    1
 Hardware stack levels required when called:    3
 This function calls:
		Nothing
 This function is called by:
		_main
 This function uses a non-reentrant model


 *************** function _osc_Config1MHz *****************
 Defined at:
		line 10 in file "Oscillator.c"
 Parameters:    Size  Location     Type
		None
 Auto vars:     Size  Location     Type
		None
 Return value:  Size  Location     Type
                  1    wreg      void 
 Registers used:
		wreg, status,2
 Tracked objects:
		On entry : 
		On exit  : 
		Unchanged: 
 Data sizes:     COMMON   BANK0   BANK1   BANK2
      Params:         0       0       0       0
      Locals:         0       0       0       0
      Temps:          0       0       0       0
      Totals:         0       0       0       0
Total ram usage:        0 bytes
 Hardware stack levels used:    1
 Hardware stack levels required when called:    3
 This function calls:
		Nothing
 This function is called by:
		_main
 This function uses a non-reentrant model


 *************** function _nec_ProcessPacket *****************
 Defined at:
		line 10 in file "NEC.c"
 Parameters:    Size  Location     Type
		None
 Auto vars:     Size  Location     Type
  i               2   43[BANK0 ] int 
  NECpacket      32   10[BANK0 ] unsigned char [32]
  delta           2   45[BANK0 ] unsigned short 
  command         1   42[BANK0 ] unsigned char 
 Return value:  Size  Location     Type
                  1    wreg      unsigned char 
 Registers used:
		wreg, fsr0l, fsr0h, fsr1l, fsr1h, status,2, status,0, pclath, cstack
 Tracked objects:
		On entry : 
		On exit  : 
		Unchanged: 
 Data sizes:     COMMON   BANK0   BANK1   BANK2
      Params:         0       0       0       0
      Locals:         0      37       0       0
      Temps:          0       2       0       0
      Totals:         0      39       0       0
Total ram usage:       39 bytes
 Hardware stack levels used:    1
 Hardware stack levels required when called:    5
 This function calls:
		_tmr_computeDelta
 This function is called by:
		_main
 This function uses a non-reentrant model


 *************** function _tmr_computeDelta *****************
 Defined at:
		line 15 in file "tmr_TMR0.c"
 Parameters:    Size  Location     Type
  i               1    wreg     unsigned char 
 Auto vars:     Size  Location     Type
  i               1    7[COMMON] unsigned char 
 Return value:  Size  Location     Type
                  2    2[BANK0 ] unsigned short 
 Registers used:
		wreg, fsr0l, fsr0h, fsr1l, fsr1h, status,2, status,0, pclath, cstack
 Tracked objects:
		On entry : 
		On exit  : 
		Unchanged: 
 Data sizes:     COMMON   BANK0   BANK1   BANK2
      Params:         0       2       0       0
      Locals:         1       0       0       0
      Temps:          0       4       0       0
      Totals:         1       6       0       0
Total ram usage:        7 bytes
 Hardware stack levels used:    1
 Hardware stack levels required when called:    4
 This function calls:
		___wmul
 This function is called by:
		_nec_ProcessPacket
 This function uses a non-reentrant model


 *************** function ___wmul *****************
 Defined at:
		line 15 in file "C:\Program Files (x86)\Microchip\xc8\v2.10\pic\sources\c99\common\Umul16.c"
 Parameters:    Size  Location     Type
  multiplier      2    3[COMMON] unsigned int 
  multiplicand    2    5[COMMON] unsigned int 
 Auto vars:     Size  Location     Type
  product         2    0[BANK0 ] unsigned int 
 Return value:  Size  Location     Type
                  2    3[COMMON] unsigned int 
 Registers used:
		wreg, status,2, status,0
 Tracked objects:
		On entry : 
		On exit  : 
		Unchanged: 
 Data sizes:     COMMON   BANK0   BANK1   BANK2
      Params:         4       0       0       0
      Locals:         0       2       0       0
      Temps:          0       0       0       0
      Totals:         4       2       0       0
Total ram usage:        6 bytes
 Hardware stack levels used:    1
 Hardware stack levels required when called:    3
 This function calls:
		Nothing
 This function is called by:
		_tmr_computeDelta
 This function uses a non-reentrant model


 *************** function _nec_ExecuteCommand *****************
 Defined at:
		line 44 in file "NEC.c"
 Parameters:    Size  Location     Type
  NECcommand      1    wreg     unsigned char 
 Auto vars:     Size  Location     Type
  NECcommand      1    5[COMMON] unsigned char 
 Return value:  Size  Location     Type
                  1    wreg      void 
 Registers used:
		wreg, fsr0l, fsr0h, status,2, status,0
 Tracked objects:
		On entry : 
		On exit  : 
		Unchanged: 
 Data sizes:     COMMON   BANK0   BANK1   BANK2
      Params:         0       0       0       0
      Locals:         1       0       0       0
      Temps:          2       0       0       0
      Totals:         3       0       0       0
Total ram usage:        3 bytes
 Hardware stack levels used:    1
 Hardware stack levels required when called:    3
 This function calls:
		Nothing
 This function is called by:
		_main
 This function uses a non-reentrant model


 *************** function _led_ConfigureLED *****************
 Defined at:
		line 6 in file "LED.c"
 Parameters:    Size  Location     Type
		None
 Auto vars:     Size  Location     Type
		None
 Return value:  Size  Location     Type
                  1    wreg      void 
 Registers used:
		None
 Tracked objects:
		On entry : 
		On exit  : 
		Unchanged: 
 Data sizes:     COMMON   BANK0   BANK1   BANK2
      Params:         0       0       0       0
      Locals:         0       0       0       0
      Temps:          0       0       0       0
      Totals:         0       0       0       0
Total ram usage:        0 bytes
 Hardware stack levels used:    1
 Hardware stack levels required when called:    3
 This function calls:
		Nothing
 This function is called by:
		_main
 This function uses a non-reentrant model


 *************** function _configureIOCInt *****************
 Defined at:
		line 12 in file "Interrupts.c"
 Parameters:    Size  Location     Type
		None
 Auto vars:     Size  Location     Type
		None
 Return value:  Size  Location     Type
                  1    wreg      void 
 Registers used:
		None
 Tracked objects:
		On entry : 
		On exit  : 
		Unchanged: 
 Data sizes:     COMMON   BANK0   BANK1   BANK2
      Params:         0       0       0       0
      Locals:         0       0       0       0
      Temps:          0       0       0       0
      Totals:         0       0       0       0
Total ram usage:        0 bytes
 Hardware stack levels used:    1
 Hardware stack levels required when called:    3
 This function calls:
		Nothing
 This function is called by:
		_main
 This function uses a non-reentrant model


 *************** function _ccp_CCP1Init *****************
 Defined at:
		line 11 in file "ccp_CCP1.c"
 Parameters:    Size  Location     Type
		None
 Auto vars:     Size  Location     Type
		None
 Return value:  Size  Location     Type
                  1    wreg      void 
 Registers used:
		wreg, status,2
 Tracked objects:
		On entry : 
		On exit  : 
		Unchanged: 
 Data sizes:     COMMON   BANK0   BANK1   BANK2
      Params:         0       0       0       0
      Locals:         0       0       0       0
      Temps:          0       0       0       0
      Totals:         0       0       0       0
Total ram usage:        0 bytes
 Hardware stack levels used:    1
 Hardware stack levels required when called:    3
 This function calls:
		Nothing
 This function is called by:
		_main
 This function uses a non-reentrant model


 *************** function _ccp_CCP1En *****************
 Defined at:
		line 34 in file "ccp_CCP1.c"
 Parameters:    Size  Location     Type
		None
 Auto vars:     Size  Location     Type
		None
 Return value:  Size  Location     Type
                  1    wreg      void 
 Registers used:
		None
 Tracked objects:
		On entry : 
		On exit  : 
		Unchanged: 
 Data sizes:     COMMON   BANK0   BANK1   BANK2
      Params:         0       0       0       0
      Locals:         0       0       0       0
      Temps:          0       0       0       0
      Totals:         0       0       0       0
Total ram usage:        0 bytes
 Hardware stack levels used:    1
 Hardware stack levels required when called:    3
 This function calls:
		Nothing
 This function is called by:
		_main
 This function uses a non-reentrant model


 *************** function _accquisitionComplete *****************
 Defined at:
		line 22 in file "tmr_TMR0.c"
 Parameters:    Size  Location     Type
		None
 Auto vars:     Size  Location     Type
		None
 Return value:  Size  Location     Type
                  1    wreg      unsigned char 
 Registers used:
		wreg
 Tracked objects:
		On entry : 
		On exit  : 
		Unchanged: 
 Data sizes:     COMMON   BANK0   BANK1   BANK2
      Params:         0       0       0       0
      Locals:         0       0       0       0
      Temps:          0       0       0       0
      Totals:         0       0       0       0
Total ram usage:        0 bytes
 Hardware stack levels used:    1
 Hardware stack levels required when called:    3
 This function calls:
		Nothing
 This function is called by:
		_main
 This function uses a non-reentrant model


 *************** function _ISR *****************
 Defined at:
		line 28 in file "Interrupts.c"
 Parameters:    Size  Location     Type
		None
 Auto vars:     Size  Location     Type
		None
 Return value:  Size  Location     Type
                  1    wreg      void 
 Registers used:
		wreg, fsr1l, fsr1h, status,2, status,0, pclath, cstack
 Tracked objects:
		On entry : 
		On exit  : 
		Unchanged: 
 Data sizes:     COMMON   BANK0   BANK1   BANK2
      Params:         0       0       0       0
      Locals:         0       0       0       0
      Temps:          0       0       0       0
      Totals:         0       0       0       0
Total ram usage:        0 bytes
 Hardware stack levels used:    1
 Hardware stack levels required when called:    2
 This function calls:
		_ccp_CCP1CompareMatch
		_tmr_TMR0IncRollovers
		_tmr_TMR0mark
 This function is called by:
		Interrupt level 1
 This function uses a non-reentrant model


 *************** function _tmr_TMR0mark *****************
 Defined at:
		line 26 in file "tmr_TMR0.c"
 Parameters:    Size  Location     Type
		None
 Auto vars:     Size  Location     Type
		None
 Return value:  Size  Location     Type
                  1    wreg      void 
 Registers used:
		wreg, fsr1l, fsr1h, status,2, status,0
 Tracked objects:
		On entry : 
		On exit  : 
		Unchanged: 
 Data sizes:     COMMON   BANK0   BANK1   BANK2
      Params:         0       0       0       0
      Locals:         0       0       0       0
      Temps:          3       0       0       0
      Totals:         3       0       0       0
Total ram usage:        3 bytes
 Hardware stack levels used:    1
 This function calls:
		Nothing
 This function is called by:
		_ISR
 This function uses a non-reentrant model


 *************** function _tmr_TMR0IncRollovers *****************
 Defined at:
		line 43 in file "tmr_TMR0.c"
 Parameters:    Size  Location     Type
		None
 Auto vars:     Size  Location     Type
		None
 Return value:  Size  Location     Type
                  1    wreg      void 
 Registers used:
		wreg, status,2, status,0, pclath, cstack
 Tracked objects:
		On entry : 
		On exit  : 
		Unchanged: 
 Data sizes:     COMMON   BANK0   BANK1   BANK2
      Params:         0       0       0       0
      Locals:         0       0       0       0
      Temps:          1       0       0       0
      Totals:         1       0       0       0
Total ram usage:        1 bytes
 Hardware stack levels used:    1
 Hardware stack levels required when called:    1
 This function calls:
		_tmr_TMR0Dis
 This function is called by:
		_ISR
 This function uses a non-reentrant model


 *************** function _tmr_TMR0Dis *****************
 Defined at:
		line 71 in file "tmr_TMR0.c"
 Parameters:    Size  Location     Type
		None
 Auto vars:     Size  Location     Type
		None
 Return value:  Size  Location     Type
                  1    wreg      void 
 Registers used:
		None
 Tracked objects:
		On entry : 
		On exit  : 
		Unchanged: 
 Data sizes:     COMMON   BANK0   BANK1   BANK2
      Params:         0       0       0       0
      Locals:         0       0       0       0
      Temps:          0       0       0       0
      Totals:         0       0       0       0
Total ram usage:        0 bytes
 Hardware stack levels used:    1
 This function calls:
		Nothing
 This function is called by:
		_tmr_TMR0IncRollovers
 This function uses a non-reentrant model


 *************** function _ccp_CCP1CompareMatch *****************
 Defined at:
		line 42 in file "ccp_CCP1.c"
 Parameters:    Size  Location     Type
		None
 Auto vars:     Size  Location     Type
		None
 Return value:  Size  Location     Type
                  1    wreg      void 
 Registers used:
		wreg, status,2, status,0
 Tracked objects:
		On entry : 
		On exit  : 
		Unchanged: 
 Data sizes:     COMMON   BANK0   BANK1   BANK2
      Params:         0       0       0       0
      Locals:         0       0       0       0
      Temps:          1       0       0       0
      Totals:         1       0       0       0
Total ram usage:        1 bytes
 Hardware stack levels used:    1
 This function calls:
		Nothing
 This function is called by:
		_ISR
 This function uses a non-reentrant model



MODULE INFORMATION

Module		Function		Class		Link	Load	Size
ccp_CCP1.c
		_ccp_CCP1CompareMatch		CODE           	0218	0000	17
		_ccp_CCP1En    		CODE           	0273	0000	4
		_ccp_CCP1Init  		CODE           	0246	0000	12

ccp_CCP1.c estimated size: 33

LED.c
		_led_ConfigureLED		CODE           	026B	0000	6

LED.c estimated size: 6

PowerManagement.c
		_pwrmgmt_ConfigUnusedPins		CODE           	0261	0000	6

PowerManagement.c estimated size: 6

tmr_TMR1.c
		_tmr_TMR1En    		CODE           	0270	0000	4
		_tmr_TMR1Init  		CODE           	0201	0000	24

tmr_TMR1.c estimated size: 28

Oscillator.c
		_osc_Config1MHz		CODE           	0266	0000	6

Oscillator.c estimated size: 6

NEC.c
		_nec_ProcessPacket		CODE           	0051	0000	197
		_nec_ExecuteCommand		CODE           	016D	0000	44

NEC.c estimated size: 241

Interrupts.c
		_ISR           		CODE           	0004	0000	47
		_configureIOCInt		CODE           	0251	0000	11

Interrupts.c estimated size: 58

shared
		__initialization		CODE           	0033	0000	28

shared estimated size: 28

tmr_TMR0.c
		_tmr_computeDelta		CODE           	0115	0000	45
		_tmr_TMR0Dis   		CODE           	0276	0000	4
		_tmr_TMR0mark  		CODE           	0141	0000	45
		_tmr_TMR0Init  		CODE           	0228	0000	16
		_tmr_TMR0reset 		CODE           	01BC	0000	36
		_tmr_TMR0IncRollovers		CODE           	0237	0000	16
		_accquisitionComplete		CODE           	0279	0000	3

tmr_TMR0.c estimated size: 165

C:\Program Files (x86)\Microchip\xc8\v2.10\pic\sources\c99\common\Umul16.c
		___wmul        		CODE           	01DF	0000	35

C:\Program Files (x86)\Microchip\xc8\v2.10\pic\sources\c99\common\Umul16.c estimated size: 35

main.c
		_main          		CODE           	0198	0000	37

main.c estimated size: 37

