Microchip MPLAB XC8 Compiler V2.10 ()

Linker command line:

-W-3 --edf=C:\Program Files (x86)\Microchip\xc8\v2.10\pic\dat\en_msgs.txt \
  -cs -h+dist/default/production\IRdA.X.production.sym \
  --cmf=dist/default/production\IRdA.X.production.cmf -z -Q16LF18313 \
  -oC:\Users\10158431\AppData\Local\Temp\s1t7c.2 --defsym=__MPLAB_BUILD=1 \
  -Mdist/default/production/IRdA.X.production.map -E1 -ver=XC8 --acfsm=1493 \
  -ASTACK=020C0h-020EFh -pstack=STACK -ACODE=00h-07FFh -ASTRCODE=00h-07FFh \
  -ASTRING=00h-0FFhx8 -ACONST=00h-0FFhx8 -AENTRY=00h-0FFhx8 \
  -ACOMMON=070h-07Fh -ABANK0=020h-06Fh -ABANK1=0A0h-0EFh \
  -ABANK2=0120h-016Fh -ABIGRAM=02000h-020EFh \
  -ARAM=020h-06Fh,0A0h-0EFh,0120h-016Fh \
  -AABS1=020h-07Fh,0A0h-0EFh,0120h-016Fh -ASFR0=00h-01Fh -ASFR1=080h-09Fh \
  -ASFR2=0100h-011Fh -ASFR3=0180h-01EFh -ASFR4=0200h-026Fh \
  -ASFR5=0280h-02EFh -ASFR6=0300h-036Fh -ASFR7=0380h-03EFh \
  -ASFR8=0400h-046Fh -ASFR9=0480h-04EFh -ASFR10=0500h-056Fh \
  -ASFR11=0580h-05EFh -ASFR12=0600h-066Fh -ASFR13=0680h-06EFh \
  -ASFR14=0700h-076Fh -ASFR15=0780h-07EFh -ASFR16=0800h-086Fh \
  -ASFR17=0880h-08EFh -ASFR18=0900h-096Fh -ASFR19=0980h-09EFh \
  -ASFR20=0A00h-0A6Fh -ASFR21=0A80h-0AEFh -ASFR22=0B00h-0B6Fh \
  -ASFR23=0B80h-0BEFh -ASFR24=0C00h-0C6Fh -ASFR25=0C80h-0CEFh \
  -ASFR26=0D00h-0D6Fh -ASFR27=0D80h-0DEFh -ASFR28=0E00h-0E6Fh \
  -ASFR29=0E80h-0EEFh -ASFR30=0F00h-0F6Fh -ASFR31=0F80h-0FEFh \
  -preset_vec=00h,intentry=04h,init,end_init -ppowerup=CODE -pcinit=CODE \
  -pfunctab=ENTRY -ACONFIG=08007h-0800Ah -pconfig=CONFIG -DCONFIG=2 \
  -AIDLOC=08000h-08003h -pidloc=IDLOC -DIDLOC=2 -AEEDATA=00h-0FFh/0F000h \
  -peeprom_data=EEDATA -DEEDATA=2 -DCODE=2 -DSTRCODE=2 -DSTRING=2 -DCONST=2 \
  -DENTRY=2 -k C:\Users\10158431\AppData\Local\Temp\s1t7c.o \
  dist/default/production\IRdA.X.production.o 

Object code version is 3.11

Machine type is 16LF18313



                Name                               Link     Load   Length Selector   Space Scale
C:\Users\10158431\AppData\Local\Temp\s1t7c.o
                end_init                             43       43        1        8       0
                reset_vec                             0        0        1        0       0
                config                             8007     8007        4    1000E       0
dist/default/production\IRdA.X.production.o
                cinit                                44       44       25        8       0
                intentry                              4        4       3F        8       0
                text31                              36C      36C        A        8       0
                text30                              388      388        9        8       0
                text29                              34A      34A        E        8       0
                text28                              3C6      3C6        4        8       0
                text27                              25E      25E       29        8       0
                text26                              3CD      3CD        3        8       0
                text25                              329      329       11        8       0
                text24                              287      287       22        8       0
                text23                              3A1      3A1        8        8       0
                text21                              3CA      3CA        3        8       0
                text20                              362      362        A        8       0
                text19                              37F      37F        9        8       0
                text18                              358      358        A        8       0
                text17                              399      399        8        8       0
                text16                              376      376        9        8       0
                text15                              3B9      3B9        5        8       0
                text14                              3C2      3C2        4        8       0
                text13                              391      391        8        8       0
                text12                              33A      33A       10        8       0
                text11                              3BE      3BE        4        8       0
                text10                              2DF      2DF       14        8       0
                text9                               3B4      3B4        5        8       0
                text8                               174      174       AA        8       0
                text7                               306      306       12        8       0
                text6                                69       69      10B        8       0
                text5                               3AF      3AF        5        8       0
                text4                               2F3      2F3       13        8       0
                text3                               318      318       11        8       0
                text2                               2A9      2A9       20        8       0
                text1                               2C9      2C9       16        8       0
                maintext                            21E      21E       40        8       0
                cstackBANK0                          20       20       30       20       1
                cstackCOMMON                         70       70        6       70       1
                clrtext                             3A9      3A9        6        8       0
                bssBANK2                            120      120       20      120       1
                bssBANK1                             A0       A0       44       A0       1
                bssBANK0                             50       50        8       20       1
                dataCOMMON                           78       78        2       70       1
                bssCOMMON                            76       76        2       70       1
                nvBANK0                              58       58        1       20       1
                idataCOMMON                         3D0      3D0        2        8       0

TOTAL           Name                               Link     Load   Length     Space
        CLASS   STACK          

        CLASS   CODE           
                end_init                             43       43        1         0
                cinit                                44       44       25         0
                intentry                              4        4       3F         0
                reset_vec                             0        0        1         0
                text31                              36C      36C        A         0
                text30                              388      388        9         0
                text29                              34A      34A        E         0
                text28                              3C6      3C6        4         0
                text27                              25E      25E       29         0
                text26                              3CD      3CD        3         0
                text25                              329      329       11         0
                text24                              287      287       22         0
                text23                              3A1      3A1        8         0
                text21                              3CA      3CA        3         0
                text20                              362      362        A         0
                text19                              37F      37F        9         0
                text18                              358      358        A         0
                text17                              399      399        8         0
                text16                              376      376        9         0
                text15                              3B9      3B9        5         0
                text14                              3C2      3C2        4         0
                text13                              391      391        8         0
                text12                              33A      33A       10         0
                text11                              3BE      3BE        4         0
                text10                              2DF      2DF       14         0
                text9                               3B4      3B4        5         0
                text8                               174      174       AA         0
                text7                               306      306       12         0
                text6                                69       69      10B         0
                text5                               3AF      3AF        5         0
                text4                               2F3      2F3       13         0
                text3                               318      318       11         0
                text2                               2A9      2A9       20         0
                text1                               2C9      2C9       16         0
                maintext                            21E      21E       40         0
                clrtext                             3A9      3A9        6         0
                idataCOMMON                         3D0      3D0        2         0

        CLASS   STRCODE        

        CLASS   STRING         

        CLASS   CONST          

        CLASS   ENTRY          

        CLASS   COMMON         
                cstackCOMMON                         70       70        6         1
                dataCOMMON                           78       78        2         1
                bssCOMMON                            76       76        2         1

        CLASS   BANK0          
                cstackBANK0                          20       20       30         1
                bssBANK0                             50       50        8         1
                nvBANK0                              58       58        1         1

        CLASS   BANK1          
                bssBANK1                             A0       A0       44         1

        CLASS   BANK2          
                bssBANK2                            120      120       20         1

        CLASS   BIGRAM         

        CLASS   RAM            

        CLASS   ABS1           
                abs_s1                               7E       7E        2         1

        CLASS   SFR0           

        CLASS   SFR1           

        CLASS   SFR2           

        CLASS   SFR3           

        CLASS   SFR4           

        CLASS   SFR5           

        CLASS   SFR6           

        CLASS   SFR7           

        CLASS   SFR8           

        CLASS   SFR9           

        CLASS   SFR10          

        CLASS   SFR11          

        CLASS   SFR12          

        CLASS   SFR13          

        CLASS   SFR14          

        CLASS   SFR15          

        CLASS   SFR16          

        CLASS   SFR17          

        CLASS   SFR18          

        CLASS   SFR19          

        CLASS   SFR20          

        CLASS   SFR21          

        CLASS   SFR22          

        CLASS   SFR23          

        CLASS   SFR24          

        CLASS   SFR25          

        CLASS   SFR26          

        CLASS   SFR27          

        CLASS   SFR28          

        CLASS   SFR29          

        CLASS   SFR30          

        CLASS   SFR31          

        CLASS   CONFIG         
                config                             8007     8007        4         0

        CLASS   IDLOC          

        CLASS   EEDATA         

        CLASS   BANK31         

        CLASS   BANK30         

        CLASS   BANK29         

        CLASS   BANK28         

        CLASS   BANK27         

        CLASS   BANK26         

        CLASS   BANK25         

        CLASS   BANK24         

        CLASS   BANK23         

        CLASS   BANK22         

        CLASS   BANK21         

        CLASS   BANK20         

        CLASS   BANK19         

        CLASS   BANK18         

        CLASS   BANK17         

        CLASS   BANK16         

        CLASS   BANK15         

        CLASS   BANK14         

        CLASS   BANK13         

        CLASS   BANK12         

        CLASS   BANK11         

        CLASS   BANK10         

        CLASS   BANK9          

        CLASS   BANK8          

        CLASS   BANK7          

        CLASS   BANK6          

        CLASS   BANK5          

        CLASS   BANK4          

        CLASS   BANK3          



SEGMENTS        Name                           Load    Length   Top    Selector   Space  Class     Delta

                reset_vec                      000000  000001  000001         0       0  CODE        2
                intentry                       000004  0003CE  0003D2         8       0  CODE        2
                cstackBANK0                    000020  000039  000059        20       1  BANK0       1
                cstackCOMMON                   000070  00000A  00007A        70       1  COMMON      1
                bssBANK1                       0000A0  000044  0000E4        A0       1  BANK1       1
                bssBANK2                       000120  000020  000140       120       1  BANK2       1
                config                         008007  000004  00800B     1000E       0  CONFIG      2


UNUSED ADDRESS RANGES

        Name                Unused          Largest block    Delta
        BANK0            00059-0006F              17           1
        BANK1            000E4-000EF               C           1
        BANK2            00140-0016F              30           1
        BIGRAM           02000-020EF              F0           1
        CODE             00001-00003               3           2
                         003D2-007FF             42E
        COMMON           0007A-0007D               4           1
        CONST            00001-00003               3           2
                         003D2-007FF             100
        EEDATA           0F000-0F0FF             100           2
        ENTRY            00001-00003               3           2
                         003D2-007FF             100
        IDLOC            08000-08003               4           2
        RAM              00059-0006F              17           1
                         000E4-000EF               C
                         00140-0016F              30
        SFR0             00000-0001F              20           1
        SFR1             00080-0009F              20           1
        SFR10            00500-0056F              70           1
        SFR11            00580-005EF              70           1
        SFR12            00600-0066F              70           1
        SFR13            00680-006EF              70           1
        SFR14            00700-0076F              70           1
        SFR15            00780-007EF              70           1
        SFR16            00800-0086F              70           1
        SFR17            00880-008EF              70           1
        SFR18            00900-0096F              70           1
        SFR19            00980-009EF              70           1
        SFR2             00100-0011F              20           1
        SFR20            00A00-00A6F              70           1
        SFR21            00A80-00AEF              70           1
        SFR22            00B00-00B6F              70           1
        SFR23            00B80-00BEF              70           1
        SFR24            00C00-00C6F              70           1
        SFR25            00C80-00CEF              70           1
        SFR26            00D00-00D6F              70           1
        SFR27            00D80-00DEF              70           1
        SFR28            00E00-00E6F              70           1
        SFR29            00E80-00EEF              70           1
        SFR3             00180-001EF              70           1
        SFR30            00F00-00F6F              70           1
        SFR31            00F80-00FEF              70           1
        SFR4             00200-0026F              70           1
        SFR5             00280-002EF              70           1
        SFR6             00300-0036F              70           1
        SFR7             00380-003EF              70           1
        SFR8             00400-0046F              70           1
        SFR9             00480-004EF              70           1
        STACK            020C0-020EF              30           1
        STRCODE          00001-00003               3           2
                         003D2-007FF             42E
        STRING           00001-00003               3           2
                         003D2-007FF             100

                                  Symbol Table

?_tmr_computeDelta                   cstackBANK0  00020
_ANSELAbits                          (abs)        0018C
_CPUDOZEbits                         (abs)        00918
_INTCONbits                          (abs)        0000B
_IOCAFbits                           (abs)        00393
_IOCANbits                           (abs)        00392
_IR_received                         bssBANK0     00057
_ISR                                 intentry     00004
_LATAbits                            (abs)        0010C
_LED_status                          nvBANK0      00058
_OSCCON1                             (abs)        00919
_OSCCON3bits                         (abs)        0091B
_OSCFRQ                              (abs)        0091F
_PIE0bits                            (abs)        00090
_PIE1bits                            (abs)        00091
_PIR0bits                            (abs)        00010
_PIR1bits                            (abs)        00011
_PMD0bits                            (abs)        00911
_PMD1bits                            (abs)        00912
_PMD2bits                            (abs)        00913
_PMD3bits                            (abs)        00914
_PMD4bits                            (abs)        00915
_PMD5bits                            (abs)        00916
_T0CON0bits                          (abs)        00017
_T0CON1bits                          (abs)        00018
_T1CONbits                           (abs)        0001B
_TMR0H                               (abs)        00016
_TMR0L                               (abs)        00015
_TMR0countArray                      bssBANK1     000A0
_TMR0rollovers                       bssBANK0     00056
_TMR1H                               (abs)        0001A
_TMR1IntType                         bssCOMMON    00077
_TMR1L                               (abs)        00019
_TMR1preload                         dataCOMMON   00078
_TRISAbits                           (abs)        0008C
__CFG_BOREN$OFF                      (abs)        00000
__CFG_BORV$LOW                       (abs)        00000
__CFG_CLKOUTEN$OFF                   (abs)        00000
__CFG_CP$OFF                         (abs)        00000
__CFG_CPD$OFF                        (abs)        00000
__CFG_CSWEN$ON                       (abs)        00000
__CFG_DEBUG$OFF                      (abs)        00000
__CFG_FCMEN$OFF                      (abs)        00000
__CFG_FEXTOSC$OFF                    (abs)        00000
__CFG_LPBOREN$OFF                    (abs)        00000
__CFG_LVP$OFF                        (abs)        00000
__CFG_MCLRE$ON                       (abs)        00000
__CFG_PPS1WAY$ON                     (abs)        00000
__CFG_PWRTE$OFF                      (abs)        00000
__CFG_RSTOSC$HFINT1                  (abs)        00000
__CFG_STVREN$ON                      (abs)        00000
__CFG_WDTE$OFF                       (abs)        00000
__CFG_WRT$OFF                        (abs)        00000
__Habs1                              abs1         00000
__Hbank0                             bank0        00000
__Hbank1                             bank1        00000
__Hbank10                            bank10       00000
__Hbank11                            bank11       00000
__Hbank12                            bank12       00000
__Hbank13                            bank13       00000
__Hbank14                            bank14       00000
__Hbank15                            bank15       00000
__Hbank16                            bank16       00000
__Hbank17                            bank17       00000
__Hbank18                            bank18       00000
__Hbank19                            bank19       00000
__Hbank2                             bank2        00000
__Hbank20                            bank20       00000
__Hbank21                            bank21       00000
__Hbank22                            bank22       00000
__Hbank23                            bank23       00000
__Hbank24                            bank24       00000
__Hbank25                            bank25       00000
__Hbank26                            bank26       00000
__Hbank27                            bank27       00000
__Hbank28                            bank28       00000
__Hbank29                            bank29       00000
__Hbank3                             bank3        00000
__Hbank30                            bank30       00000
__Hbank31                            bank31       00000
__Hbank4                             bank4        00000
__Hbank5                             bank5        00000
__Hbank6                             bank6        00000
__Hbank7                             bank7        00000
__Hbank8                             bank8        00000
__Hbank9                             bank9        00000
__Hbigram                            bigram       00000
__HbssBANK0                          bssBANK0     00000
__HbssBANK1                          bssBANK1     00000
__HbssBANK2                          bssBANK2     00000
__HbssCOMMON                         bssCOMMON    00000
__Hcinit                             cinit        00069
__Hclrtext                           clrtext      00000
__Hcode                              code         00000
__Hcommon                            common       00000
__Hconfig                            config       0800B
__HcstackBANK0                       cstackBANK0  00000
__HcstackCOMMON                      cstackCOMMON 00000
__HdataCOMMON                        dataCOMMON   00000
__Heeprom_data                       eeprom_data  00000
__Hend_init                          end_init     00044
__Hfunctab                           functab      00000
__HidataCOMMON                       idataCOMMON  00000
__Hidloc                             idloc        00000
__Hinit                              init         00043
__Hintentry                          intentry     00043
__Hmaintext                          maintext     00000
__HnvBANK0                           nvBANK0      00000
__Hpowerup                           powerup      00000
__Hram                               ram          00000
__Hreset_vec                         reset_vec    00001
__Hsfr0                              sfr0         00000
__Hsfr1                              sfr1         00000
__Hsfr10                             sfr10        00000
__Hsfr11                             sfr11        00000
__Hsfr12                             sfr12        00000
__Hsfr13                             sfr13        00000
__Hsfr14                             sfr14        00000
__Hsfr15                             sfr15        00000
__Hsfr16                             sfr16        00000
__Hsfr17                             sfr17        00000
__Hsfr18                             sfr18        00000
__Hsfr19                             sfr19        00000
__Hsfr2                              sfr2         00000
__Hsfr20                             sfr20        00000
__Hsfr21                             sfr21        00000
__Hsfr22                             sfr22        00000
__Hsfr23                             sfr23        00000
__Hsfr24                             sfr24        00000
__Hsfr25                             sfr25        00000
__Hsfr26                             sfr26        00000
__Hsfr27                             sfr27        00000
__Hsfr28                             sfr28        00000
__Hsfr29                             sfr29        00000
__Hsfr3                              sfr3         00000
__Hsfr30                             sfr30        00000
__Hsfr31                             sfr31        00000
__Hsfr4                              sfr4         00000
__Hsfr5                              sfr5         00000
__Hsfr6                              sfr6         00000
__Hsfr7                              sfr7         00000
__Hsfr8                              sfr8         00000
__Hsfr9                              sfr9         00000
__Hspace_0                           (abs)        0800B
__Hspace_1                           (abs)        00140
__Hspace_2                           (abs)        00000
__Hspace_3                           (abs)        00000
__Hstack                             stack        00000
__Hstrings                           strings      00000
__Htext                              text         00000
__Labs1                              abs1         00000
__Lbank0                             bank0        00000
__Lbank1                             bank1        00000
__Lbank10                            bank10       00000
__Lbank11                            bank11       00000
__Lbank12                            bank12       00000
__Lbank13                            bank13       00000
__Lbank14                            bank14       00000
__Lbank15                            bank15       00000
__Lbank16                            bank16       00000
__Lbank17                            bank17       00000
__Lbank18                            bank18       00000
__Lbank19                            bank19       00000
__Lbank2                             bank2        00000
__Lbank20                            bank20       00000
__Lbank21                            bank21       00000
__Lbank22                            bank22       00000
__Lbank23                            bank23       00000
__Lbank24                            bank24       00000
__Lbank25                            bank25       00000
__Lbank26                            bank26       00000
__Lbank27                            bank27       00000
__Lbank28                            bank28       00000
__Lbank29                            bank29       00000
__Lbank3                             bank3        00000
__Lbank30                            bank30       00000
__Lbank31                            bank31       00000
__Lbank4                             bank4        00000
__Lbank5                             bank5        00000
__Lbank6                             bank6        00000
__Lbank7                             bank7        00000
__Lbank8                             bank8        00000
__Lbank9                             bank9        00000
__Lbigram                            bigram       00000
__LbssBANK0                          bssBANK0     00000
__LbssBANK1                          bssBANK1     00000
__LbssBANK2                          bssBANK2     00000
__LbssCOMMON                         bssCOMMON    00000
__Lcinit                             cinit        00044
__Lclrtext                           clrtext      00000
__Lcode                              code         00000
__Lcommon                            common       00000
__Lconfig                            config       08007
__LcstackBANK0                       cstackBANK0  00000
__LcstackCOMMON                      cstackCOMMON 00000
__LdataCOMMON                        dataCOMMON   00000
__Leeprom_data                       eeprom_data  00000
__Lend_init                          end_init     00043
__Lfunctab                           functab      00000
__LidataCOMMON                       idataCOMMON  00000
__Lidloc                             idloc        00000
__Linit                              init         00043
__Lintentry                          intentry     00004
__Lmaintext                          maintext     00000
__LnvBANK0                           nvBANK0      00000
__Lpowerup                           powerup      00000
__Lram                               ram          00000
__Lreset_vec                         reset_vec    00000
__Lsfr0                              sfr0         00000
__Lsfr1                              sfr1         00000
__Lsfr10                             sfr10        00000
__Lsfr11                             sfr11        00000
__Lsfr12                             sfr12        00000
__Lsfr13                             sfr13        00000
__Lsfr14                             sfr14        00000
__Lsfr15                             sfr15        00000
__Lsfr16                             sfr16        00000
__Lsfr17                             sfr17        00000
__Lsfr18                             sfr18        00000
__Lsfr19                             sfr19        00000
__Lsfr2                              sfr2         00000
__Lsfr20                             sfr20        00000
__Lsfr21                             sfr21        00000
__Lsfr22                             sfr22        00000
__Lsfr23                             sfr23        00000
__Lsfr24                             sfr24        00000
__Lsfr25                             sfr25        00000
__Lsfr26                             sfr26        00000
__Lsfr27                             sfr27        00000
__Lsfr28                             sfr28        00000
__Lsfr29                             sfr29        00000
__Lsfr3                              sfr3         00000
__Lsfr30                             sfr30        00000
__Lsfr31                             sfr31        00000
__Lsfr4                              sfr4         00000
__Lsfr5                              sfr5         00000
__Lsfr6                              sfr6         00000
__Lsfr7                              sfr7         00000
__Lsfr8                              sfr8         00000
__Lsfr9                              sfr9         00000
__Lspace_0                           (abs)        00000
__Lspace_1                           (abs)        00000
__Lspace_2                           (abs)        00000
__Lspace_3                           (abs)        00000
__Lstack                             stack        00000
__Lstrings                           strings      00000
__Ltext                              text         00000
__S0                                 (abs)        0800B
__S1                                 (abs)        00140
__S2                                 (abs)        00000
__S3                                 (abs)        00000
___int_sp                            stack        00000
___latbits                           (abs)        00000
___sp                                stack        00000
___stackhi                           (abs)        020EF
___stacklo                           (abs)        020C0
__end_of_ISR                         intentry     00043
__end_of__initialization             cinit        00066
__end_of_accquisitionComplete        text21       003CD
__end_of_configureIOCInt             text20       0036C
__end_of_led_Bright                  text18       00362
__end_of_led_ConfigureLED            text19       00388
__end_of_led_Dim                     text17       003A1
__end_of_led_Off                     text16       0037F
__end_of_led_Toggle                  text29       00358
__end_of_main                        maintext     0025E
__end_of_nec_ExecuteCommand          text8        0021E
__end_of_nec_ProcessPacket           text6        00174
__end_of_osc_Config1MHz              text5        003B4
__end_of_pwrmgmt_DisablePeripherals  text4        00306
__end_of_rtc_ISR                     text27       00287
__end_of_rtc_Reset                   text15       003BE
__end_of_rtc_SetHourDelay            text12       0034A
__end_of_tmr_TMR0Dis                 text26       003D0
__end_of_tmr_TMR0IncRollovers        text25       0033A
__end_of_tmr_TMR0Init                text3        00329
__end_of_tmr_TMR0mark                text24       002A9
__end_of_tmr_TMR0reset               text2        002C9
__end_of_tmr_TMR1Dis                 text11       003C2
__end_of_tmr_TMR1En                  text14       003C6
__end_of_tmr_TMR1Init                text1        002DF
__end_of_tmr_TMR1Reset               text13       00399
__end_of_tmr_TMR1SOSCpowerLevel      text10       002F3
__end_of_tmr_TMR1setPreload          text9        003B9
__end_of_tmr_computeDelta            text7        00318
__end_ofi1_led_Bright                text31       00376
__end_ofi1_led_Off                   text30       00391
__end_ofi1_tmr_TMR1Dis               text28       003CA
__end_ofi1_tmr_TMR1Reset             text23       003A9
__initialization                     cinit        00044
__pbssBANK0                          bssBANK0     00050
__pbssBANK1                          bssBANK1     000A0
__pbssBANK2                          bssBANK2     00120
__pbssCOMMON                         bssCOMMON    00076
__pcstackBANK0                       cstackBANK0  00020
__pcstackCOMMON                      cstackCOMMON 00070
__pdataCOMMON                        dataCOMMON   00078
__pidataCOMMON                       idataCOMMON  003D0
__pintentry                          intentry     00004
__pmaintext                          maintext     0021E
__pnvBANK0                           nvBANK0      00058
__ptext1                             text1        002C9
__ptext10                            text10       002DF
__ptext11                            text11       003BE
__ptext12                            text12       0033A
__ptext13                            text13       00391
__ptext14                            text14       003C2
__ptext15                            text15       003B9
__ptext16                            text16       00376
__ptext17                            text17       00399
__ptext18                            text18       00358
__ptext19                            text19       0037F
__ptext2                             text2        002A9
__ptext20                            text20       00362
__ptext21                            text21       003CA
__ptext23                            text23       003A1
__ptext24                            text24       00287
__ptext25                            text25       00329
__ptext26                            text26       003CD
__ptext27                            text27       0025E
__ptext28                            text28       003C6
__ptext29                            text29       0034A
__ptext3                             text3        00318
__ptext30                            text30       00388
__ptext31                            text31       0036C
__ptext4                             text4        002F3
__ptext5                             text5        003AF
__ptext6                             text6        00069
__ptext7                             text7        00306
__ptext8                             text8        00174
__ptext9                             text9        003B4
__size_of_ISR                        (abs)        00000
__size_of_accquisitionComplete       (abs)        00000
__size_of_configureIOCInt            (abs)        00000
__size_of_led_Bright                 (abs)        00000
__size_of_led_ConfigureLED           (abs)        00000
__size_of_led_Dim                    (abs)        00000
__size_of_led_Off                    (abs)        00000
__size_of_led_Toggle                 (abs)        00000
__size_of_main                       (abs)        00000
__size_of_nec_ExecuteCommand         (abs)        00000
__size_of_nec_ProcessPacket          (abs)        00000
__size_of_osc_Config1MHz             (abs)        00000
__size_of_pwrmgmt_DisablePeripherals (abs)        00000
__size_of_rtc_ISR                    (abs)        00000
__size_of_rtc_Reset                  (abs)        00000
__size_of_rtc_SetHourDelay           (abs)        00000
__size_of_tmr_TMR0Dis                (abs)        00000
__size_of_tmr_TMR0IncRollovers       (abs)        00000
__size_of_tmr_TMR0Init               (abs)        00000
__size_of_tmr_TMR0mark               (abs)        00000
__size_of_tmr_TMR0reset              (abs)        00000
__size_of_tmr_TMR1Dis                (abs)        00000
__size_of_tmr_TMR1En                 (abs)        00000
__size_of_tmr_TMR1Init               (abs)        00000
__size_of_tmr_TMR1Reset              (abs)        00000
__size_of_tmr_TMR1SOSCpowerLevel     (abs)        00000
__size_of_tmr_TMR1setPreload         (abs)        00000
__size_of_tmr_computeDelta           (abs)        00000
__size_ofi1_led_Bright               (abs)        00000
__size_ofi1_led_Off                  (abs)        00000
__size_ofi1_tmr_TMR1Dis              (abs)        00000
__size_ofi1_tmr_TMR1Reset            (abs)        00000
_accComplete                         bssBANK0     00054
_accquisitionComplete                text21       003CA
_configureIOCInt                     text20       00362
_hourDelay                           bssBANK0     00053
_led_Bright                          text18       00358
_led_ConfigureLED                    text19       0037F
_led_Dim                             text17       00399
_led_Off                             text16       00376
_led_Toggle                          text29       0034A
_main                                maintext     0021E
_nec_ExecuteCommand                  text8        00174
_nec_ProcessPacket                   text6        00069
_osc_Config1MHz                      text5        003AF
_pwrmgmt_DisablePeripherals          text4        002F3
_rtc_ISR                             text27       0025E
_rtc_Reset                           text15       003B9
_rtc_SetHourDelay                    text12       0033A
_sample                              bssCOMMON    00076
_tRTC                                bssBANK0     00050
_tmr_TMR0Dis                         text26       003CD
_tmr_TMR0IncRollovers                text25       00329
_tmr_TMR0Init                        text3        00318
_tmr_TMR0mark                        text24       00287
_tmr_TMR0reset                       text2        002A9
_tmr_TMR1Dis                         text11       003BE
_tmr_TMR1En                          text14       003C2
_tmr_TMR1Init                        text1        002C9
_tmr_TMR1Reset                       text13       00391
_tmr_TMR1SOSCpowerLevel              text10       002DF
_tmr_TMR1setPreload                  text9        003B4
_tmr_computeDelta                    text7        00306
btemp                                (abs)        0007E
clear_ram0                           clrtext      003A9
end_of_initialization                cinit        00066
i1_led_Bright                        text31       0036C
i1_led_Off                           text30       00388
i1_tmr_TMR1Dis                       text28       003C6
i1_tmr_TMR1Reset                     text23       003A1
int$flags                            (abs)        0007E
intlevel0                            functab      00000
intlevel1                            functab      00000
intlevel2                            functab      00000
intlevel3                            functab      00000
intlevel4                            functab      00000
intlevel5                            functab      00000
main@NECcommand                      cstackBANK0  0004F
nec_ExecuteCommand@NECcommand        cstackBANK0  00020
nec_ProcessPacket@NECpacket          cstackBANK0  00025
nec_ProcessPacket@address            cstackBANK0  00046
nec_ProcessPacket@command            cstackBANK0  00045
nec_ProcessPacket@delta              cstackBANK0  00048
nec_ProcessPacket@i                  cstackBANK0  00047
reset_vec                            reset_vec    00000
rtc_SetHourDelay@hours               cstackCOMMON 00075
start                                init         00043
start_initialization                 cinit        00044
tmr_TMR0reset@i                      cstackBANK0  00020
tmr_TMR1SOSCpowerLevel@level         cstackCOMMON 00074
tmr_TMR1setPreload@preload           cstackCOMMON 00074
tmr_computeDelta@i                   cstackCOMMON 00074
wtemp0                               (abs)        0007E


FUNCTION INFORMATION:

 *************** function _main *****************
 Defined at:
		line 32 in file "main.c"
 Parameters:    Size  Location     Type
  argc            2   42[BANK0 ] int 
  argv            2   44[BANK0 ] PTR PTR unsigned char 
 Auto vars:     Size  Location     Type
  NECcommand      1   47[BANK0 ] unsigned char 
 Return value:  Size  Location     Type
                  2   42[BANK0 ] int 
 Registers used:
		wreg, fsr0l, fsr0h, fsr1l, fsr1h, status,2, status,0, pclath, cstack
 Tracked objects:
		On entry : 
		On exit  : 
		Unchanged: 
 Data sizes:     COMMON   BANK0   BANK1   BANK2
      Params:         0       4       0       0
      Locals:         0       1       0       0
      Temps:          0       1       0       0
      Totals:         0       6       0       0
Total ram usage:        6 bytes
 Hardware stack levels required when called:    6
 This function calls:
		_accquisitionComplete
		_configureIOCInt
		_led_Bright
		_led_ConfigureLED
		_nec_ExecuteCommand
		_nec_ProcessPacket
		_osc_Config1MHz
		_pwrmgmt_DisablePeripherals
		_rtc_Reset
		_tmr_TMR0Init
		_tmr_TMR0reset
		_tmr_TMR1Init
 This function is called by:
		Startup code after reset
 This function uses a non-reentrant model


 *************** function _tmr_TMR1Init *****************
 Defined at:
		line 16 in file "tmr_TMR1.c"
 Parameters:    Size  Location     Type
		None
 Auto vars:     Size  Location     Type
		None
 Return value:  Size  Location     Type
                  1    wreg      void 
 Registers used:
		wreg, status,2, status,0
 Tracked objects:
		On entry : 
		On exit  : 
		Unchanged: 
 Data sizes:     COMMON   BANK0   BANK1   BANK2
      Params:         0       0       0       0
      Locals:         0       0       0       0
      Temps:          0       0       0       0
      Totals:         0       0       0       0
Total ram usage:        0 bytes
 Hardware stack levels used:    1
 Hardware stack levels required when called:    3
 This function calls:
		Nothing
 This function is called by:
		_main
 This function uses a non-reentrant model


 *************** function _tmr_TMR0reset *****************
 Defined at:
		line 33 in file "tmr_TMR0.c"
 Parameters:    Size  Location     Type
		None
 Auto vars:     Size  Location     Type
  i               2    0[BANK0 ] int 
 Return value:  Size  Location     Type
                  1    wreg      void 
 Registers used:
		wreg, fsr1l, fsr1h, status,2, status,0
 Tracked objects:
		On entry : 
		On exit  : 
		Unchanged: 
 Data sizes:     COMMON   BANK0   BANK1   BANK2
      Params:         0       0       0       0
      Locals:         0       2       0       0
      Temps:          1       0       0       0
      Totals:         1       2       0       0
Total ram usage:        3 bytes
 Hardware stack levels used:    1
 Hardware stack levels required when called:    3
 This function calls:
		Nothing
 This function is called by:
		_main
 This function uses a non-reentrant model


 *************** function _tmr_TMR0Init *****************
 Defined at:
		line 51 in file "tmr_TMR0.c"
 Parameters:    Size  Location     Type
		None
 Auto vars:     Size  Location     Type
		None
 Return value:  Size  Location     Type
                  1    wreg      void 
 Registers used:
		wreg, status,2, status,0
 Tracked objects:
		On entry : 
		On exit  : 
		Unchanged: 
 Data sizes:     COMMON   BANK0   BANK1   BANK2
      Params:         0       0       0       0
      Locals:         0       0       0       0
      Temps:          0       0       0       0
      Totals:         0       0       0       0
Total ram usage:        0 bytes
 Hardware stack levels used:    1
 Hardware stack levels required when called:    3
 This function calls:
		Nothing
 This function is called by:
		_main
 This function uses a non-reentrant model


 *************** function _pwrmgmt_DisablePeripherals *****************
 Defined at:
		line 6 in file "PowerManagement.c"
 Parameters:    Size  Location     Type
		None
 Auto vars:     Size  Location     Type
		None
 Return value:  Size  Location     Type
                  1    wreg      void 
 Registers used:
		None
 Tracked objects:
		On entry : 
		On exit  : 
		Unchanged: 
 Data sizes:     COMMON   BANK0   BANK1   BANK2
      Params:         0       0       0       0
      Locals:         0       0       0       0
      Temps:          0       0       0       0
      Totals:         0       0       0       0
Total ram usage:        0 bytes
 Hardware stack levels used:    1
 Hardware stack levels required when called:    3
 This function calls:
		Nothing
 This function is called by:
		_main
 This function uses a non-reentrant model


 *************** function _osc_Config1MHz *****************
 Defined at:
		line 6 in file "Oscillator.c"
 Parameters:    Size  Location     Type
		None
 Auto vars:     Size  Location     Type
		None
 Return value:  Size  Location     Type
                  1    wreg      void 
 Registers used:
		wreg, status,2
 Tracked objects:
		On entry : 
		On exit  : 
		Unchanged: 
 Data sizes:     COMMON   BANK0   BANK1   BANK2
      Params:         0       0       0       0
      Locals:         0       0       0       0
      Temps:          0       0       0       0
      Totals:         0       0       0       0
Total ram usage:        0 bytes
 Hardware stack levels used:    1
 Hardware stack levels required when called:    3
 This function calls:
		Nothing
 This function is called by:
		_main
 This function uses a non-reentrant model


 *************** function _nec_ProcessPacket *****************
 Defined at:
		line 16 in file "NEC.c"
 Parameters:    Size  Location     Type
		None
 Auto vars:     Size  Location     Type
  i               1   39[BANK0 ] unsigned char 
  NECpacket      32    5[BANK0 ] unsigned char [32]
  delta           2   40[BANK0 ] unsigned int 
  address         1   38[BANK0 ] unsigned char 
  command         1   37[BANK0 ] unsigned char 
 Return value:  Size  Location     Type
                  1    wreg      unsigned char 
 Registers used:
		wreg, fsr0l, fsr0h, fsr1l, fsr1h, status,2, status,0, pclath, cstack
 Tracked objects:
		On entry : 
		On exit  : 
		Unchanged: 
 Data sizes:     COMMON   BANK0   BANK1   BANK2
      Params:         0       0       0       0
      Locals:         0      37       0       0
      Temps:          0       2       0       0
      Totals:         0      39       0       0
Total ram usage:       39 bytes
 Hardware stack levels used:    1
 Hardware stack levels required when called:    4
 This function calls:
		_tmr_computeDelta
 This function is called by:
		_main
 This function uses a non-reentrant model


 *************** function _tmr_computeDelta *****************
 Defined at:
		line 17 in file "tmr_TMR0.c"
 Parameters:    Size  Location     Type
  i               1    wreg     unsigned char 
 Auto vars:     Size  Location     Type
  i               1    4[COMMON] unsigned char 
 Return value:  Size  Location     Type
                  2    0[BANK0 ] unsigned int 
 Registers used:
		wreg, fsr0l, fsr0h, fsr1l, fsr1h, status,2, status,0
 Tracked objects:
		On entry : 
		On exit  : 
		Unchanged: 
 Data sizes:     COMMON   BANK0   BANK1   BANK2
      Params:         0       3       0       0
      Locals:         1       0       0       0
      Temps:          0       0       0       0
      Totals:         1       3       0       0
Total ram usage:        4 bytes
 Hardware stack levels used:    1
 Hardware stack levels required when called:    3
 This function calls:
		Nothing
 This function is called by:
		_nec_ProcessPacket
 This function uses a non-reentrant model


 *************** function _nec_ExecuteCommand *****************
 Defined at:
		line 66 in file "NEC.c"
 Parameters:    Size  Location     Type
  NECcommand      1    wreg     unsigned char 
 Auto vars:     Size  Location     Type
  NECcommand      1    0[BANK0 ] unsigned char 
 Return value:  Size  Location     Type
                  1    wreg      void 
 Registers used:
		wreg, fsr0l, fsr0h, status,2, status,0, pclath, cstack
 Tracked objects:
		On entry : 
		On exit  : 
		Unchanged: 
 Data sizes:     COMMON   BANK0   BANK1   BANK2
      Params:         0       0       0       0
      Locals:         0       1       0       0
      Temps:          0       0       0       0
      Totals:         0       1       0       0
Total ram usage:        1 bytes
 Hardware stack levels used:    1
 Hardware stack levels required when called:    5
 This function calls:
		_led_Bright
		_led_Dim
		_led_Off
		_rtc_Reset
		_rtc_SetHourDelay
		_tmr_TMR1Dis
		_tmr_TMR1En
		_tmr_TMR1Reset
		_tmr_TMR1SOSCpowerLevel
		_tmr_TMR1setPreload
 This function is called by:
		_main
 This function uses a non-reentrant model


 *************** function _tmr_TMR1setPreload *****************
 Defined at:
		line 11 in file "tmr_TMR1.c"
 Parameters:    Size  Location     Type
  preload         2    4[COMMON] unsigned int 
 Auto vars:     Size  Location     Type
		None
 Return value:  Size  Location     Type
                  1    wreg      void 
 Registers used:
		wreg
 Tracked objects:
		On entry : 
		On exit  : 
		Unchanged: 
 Data sizes:     COMMON   BANK0   BANK1   BANK2
      Params:         2       0       0       0
      Locals:         0       0       0       0
      Temps:          0       0       0       0
      Totals:         2       0       0       0
Total ram usage:        2 bytes
 Hardware stack levels used:    1
 Hardware stack levels required when called:    3
 This function calls:
		Nothing
 This function is called by:
		_nec_ExecuteCommand
 This function uses a non-reentrant model


 *************** function _tmr_TMR1SOSCpowerLevel *****************
 Defined at:
		line 60 in file "tmr_TMR1.c"
 Parameters:    Size  Location     Type
  level           1    wreg     unsigned char 
 Auto vars:     Size  Location     Type
  level           1    4[COMMON] unsigned char 
 Return value:  Size  Location     Type
                  1    wreg      void 
 Registers used:
		wreg, fsr0l, fsr0h, status,2, status,0
 Tracked objects:
		On entry : 
		On exit  : 
		Unchanged: 
 Data sizes:     COMMON   BANK0   BANK1   BANK2
      Params:         0       0       0       0
      Locals:         1       0       0       0
      Temps:          0       0       0       0
      Totals:         1       0       0       0
Total ram usage:        1 bytes
 Hardware stack levels used:    1
 Hardware stack levels required when called:    3
 This function calls:
		Nothing
 This function is called by:
		_nec_ExecuteCommand
 This function uses a non-reentrant model


 *************** function _tmr_TMR1Dis *****************
 Defined at:
		line 88 in file "tmr_TMR1.c"
 Parameters:    Size  Location     Type
		None
 Auto vars:     Size  Location     Type
		None
 Return value:  Size  Location     Type
                  1    wreg      void 
 Registers used:
		None
 Tracked objects:
		On entry : 
		On exit  : 
		Unchanged: 
 Data sizes:     COMMON   BANK0   BANK1   BANK2
      Params:         0       0       0       0
      Locals:         0       0       0       0
      Temps:          0       0       0       0
      Totals:         0       0       0       0
Total ram usage:        0 bytes
 Hardware stack levels used:    1
 Hardware stack levels required when called:    3
 This function calls:
		Nothing
 This function is called by:
		_nec_ExecuteCommand
 This function uses a non-reentrant model


 *************** function _rtc_SetHourDelay *****************
 Defined at:
		line 10 in file "RTC.c"
 Parameters:    Size  Location     Type
  hours           1    wreg     unsigned char 
 Auto vars:     Size  Location     Type
  hours           1    5[COMMON] unsigned char 
 Return value:  Size  Location     Type
                  1    wreg      void 
 Registers used:
		wreg, status,2, status,0, pclath, cstack
 Tracked objects:
		On entry : 
		On exit  : 
		Unchanged: 
 Data sizes:     COMMON   BANK0   BANK1   BANK2
      Params:         0       0       0       0
      Locals:         1       0       0       0
      Temps:          1       0       0       0
      Totals:         2       0       0       0
Total ram usage:        2 bytes
 Hardware stack levels used:    1
 Hardware stack levels required when called:    4
 This function calls:
		_rtc_Reset
		_tmr_TMR1En
		_tmr_TMR1Reset
 This function is called by:
		_nec_ExecuteCommand
 This function uses a non-reentrant model


 *************** function _tmr_TMR1Reset *****************
 Defined at:
		line 95 in file "tmr_TMR1.c"
 Parameters:    Size  Location     Type
		None
 Auto vars:     Size  Location     Type
		None
 Return value:  Size  Location     Type
                  1    wreg      void 
 Registers used:
		wreg, status,2
 Tracked objects:
		On entry : 
		On exit  : 
		Unchanged: 
 Data sizes:     COMMON   BANK0   BANK1   BANK2
      Params:         0       0       0       0
      Locals:         0       0       0       0
      Temps:          0       0       0       0
      Totals:         0       0       0       0
Total ram usage:        0 bytes
 Hardware stack levels used:    1
 Hardware stack levels required when called:    3
 This function calls:
		Nothing
 This function is called by:
		_nec_ExecuteCommand
		_rtc_SetHourDelay
 This function uses a non-reentrant model


 *************** function _tmr_TMR1En *****************
 Defined at:
		line 80 in file "tmr_TMR1.c"
 Parameters:    Size  Location     Type
		None
 Auto vars:     Size  Location     Type
		None
 Return value:  Size  Location     Type
                  1    wreg      void 
 Registers used:
		None
 Tracked objects:
		On entry : 
		On exit  : 
		Unchanged: 
 Data sizes:     COMMON   BANK0   BANK1   BANK2
      Params:         0       0       0       0
      Locals:         0       0       0       0
      Temps:          0       0       0       0
      Totals:         0       0       0       0
Total ram usage:        0 bytes
 Hardware stack levels used:    1
 Hardware stack levels required when called:    3
 This function calls:
		Nothing
 This function is called by:
		_nec_ExecuteCommand
		_rtc_SetHourDelay
 This function uses a non-reentrant model


 *************** function _rtc_Reset *****************
 Defined at:
		line 18 in file "RTC.c"
 Parameters:    Size  Location     Type
		None
 Auto vars:     Size  Location     Type
		None
 Return value:  Size  Location     Type
                  1    wreg      void 
 Registers used:
		status,2
 Tracked objects:
		On entry : 
		On exit  : 
		Unchanged: 
 Data sizes:     COMMON   BANK0   BANK1   BANK2
      Params:         0       0       0       0
      Locals:         0       0       0       0
      Temps:          0       0       0       0
      Totals:         0       0       0       0
Total ram usage:        0 bytes
 Hardware stack levels used:    1
 Hardware stack levels required when called:    3
 This function calls:
		Nothing
 This function is called by:
		_main
		_nec_ExecuteCommand
		_rtc_SetHourDelay
 This function uses a non-reentrant model


 *************** function _led_Off *****************
 Defined at:
		line 33 in file "LED.c"
 Parameters:    Size  Location     Type
		None
 Auto vars:     Size  Location     Type
		None
 Return value:  Size  Location     Type
                  1    wreg      void 
 Registers used:
		status,2
 Tracked objects:
		On entry : 
		On exit  : 
		Unchanged: 
 Data sizes:     COMMON   BANK0   BANK1   BANK2
      Params:         0       0       0       0
      Locals:         0       0       0       0
      Temps:          0       0       0       0
      Totals:         0       0       0       0
Total ram usage:        0 bytes
 Hardware stack levels used:    1
 Hardware stack levels required when called:    3
 This function calls:
		Nothing
 This function is called by:
		_nec_ExecuteCommand
 This function uses a non-reentrant model


 *************** function _led_Dim *****************
 Defined at:
		line 25 in file "LED.c"
 Parameters:    Size  Location     Type
		None
 Auto vars:     Size  Location     Type
		None
 Return value:  Size  Location     Type
                  1    wreg      void 
 Registers used:
		None
 Tracked objects:
		On entry : 
		On exit  : 
		Unchanged: 
 Data sizes:     COMMON   BANK0   BANK1   BANK2
      Params:         0       0       0       0
      Locals:         0       0       0       0
      Temps:          0       0       0       0
      Totals:         0       0       0       0
Total ram usage:        0 bytes
 Hardware stack levels used:    1
 Hardware stack levels required when called:    3
 This function calls:
		Nothing
 This function is called by:
		_nec_ExecuteCommand
 This function uses a non-reentrant model


 *************** function _led_Bright *****************
 Defined at:
		line 16 in file "LED.c"
 Parameters:    Size  Location     Type
		None
 Auto vars:     Size  Location     Type
		None
 Return value:  Size  Location     Type
                  1    wreg      void 
 Registers used:
		None
 Tracked objects:
		On entry : 
		On exit  : 
		Unchanged: 
 Data sizes:     COMMON   BANK0   BANK1   BANK2
      Params:         0       0       0       0
      Locals:         0       0       0       0
      Temps:          0       0       0       0
      Totals:         0       0       0       0
Total ram usage:        0 bytes
 Hardware stack levels used:    1
 Hardware stack levels required when called:    3
 This function calls:
		Nothing
 This function is called by:
		_main
		_nec_ExecuteCommand
 This function uses a non-reentrant model


 *************** function _led_ConfigureLED *****************
 Defined at:
		line 8 in file "LED.c"
 Parameters:    Size  Location     Type
		None
 Auto vars:     Size  Location     Type
		None
 Return value:  Size  Location     Type
                  1    wreg      void 
 Registers used:
		None
 Tracked objects:
		On entry : 
		On exit  : 
		Unchanged: 
 Data sizes:     COMMON   BANK0   BANK1   BANK2
      Params:         0       0       0       0
      Locals:         0       0       0       0
      Temps:          0       0       0       0
      Totals:         0       0       0       0
Total ram usage:        0 bytes
 Hardware stack levels used:    1
 Hardware stack levels required when called:    3
 This function calls:
		Nothing
 This function is called by:
		_main
 This function uses a non-reentrant model


 *************** function _configureIOCInt *****************
 Defined at:
		line 14 in file "Interrupts.c"
 Parameters:    Size  Location     Type
		None
 Auto vars:     Size  Location     Type
		None
 Return value:  Size  Location     Type
                  1    wreg      void 
 Registers used:
		None
 Tracked objects:
		On entry : 
		On exit  : 
		Unchanged: 
 Data sizes:     COMMON   BANK0   BANK1   BANK2
      Params:         0       0       0       0
      Locals:         0       0       0       0
      Temps:          0       0       0       0
      Totals:         0       0       0       0
Total ram usage:        0 bytes
 Hardware stack levels used:    1
 Hardware stack levels required when called:    3
 This function calls:
		Nothing
 This function is called by:
		_main
 This function uses a non-reentrant model


 *************** function _accquisitionComplete *****************
 Defined at:
		line 22 in file "tmr_TMR0.c"
 Parameters:    Size  Location     Type
		None
 Auto vars:     Size  Location     Type
		None
 Return value:  Size  Location     Type
                  1    wreg      unsigned char 
 Registers used:
		wreg
 Tracked objects:
		On entry : 
		On exit  : 
		Unchanged: 
 Data sizes:     COMMON   BANK0   BANK1   BANK2
      Params:         0       0       0       0
      Locals:         0       0       0       0
      Temps:          0       0       0       0
      Totals:         0       0       0       0
Total ram usage:        0 bytes
 Hardware stack levels used:    1
 Hardware stack levels required when called:    3
 This function calls:
		Nothing
 This function is called by:
		_main
 This function uses a non-reentrant model


 *************** function _ISR *****************
 Defined at:
		line 30 in file "Interrupts.c"
 Parameters:    Size  Location     Type
		None
 Auto vars:     Size  Location     Type
		None
 Return value:  Size  Location     Type
                  1    wreg      void 
 Registers used:
		wreg, fsr1l, fsr1h, status,2, status,0, pclath, cstack
 Tracked objects:
		On entry : 
		On exit  : 
		Unchanged: 
 Data sizes:     COMMON   BANK0   BANK1   BANK2
      Params:         0       0       0       0
      Locals:         0       0       0       0
      Temps:          1       0       0       0
      Totals:         1       0       0       0
Total ram usage:        1 bytes
 Hardware stack levels used:    1
 Hardware stack levels required when called:    2
 This function calls:
		_led_Toggle
		_rtc_ISR
		_tmr_TMR0IncRollovers
		_tmr_TMR0mark
		i1_tmr_TMR1Reset
 This function is called by:
		Interrupt level 1
 This function uses a non-reentrant model


 *************** function i1_tmr_TMR1Reset *****************
 Defined at:
		line 95 in file "tmr_TMR1.c"
 Parameters:    Size  Location     Type
		None
 Auto vars:     Size  Location     Type
		None
 Return value:  Size  Location     Type
                  1    wreg      void 
 Registers used:
		wreg, status,2
 Tracked objects:
		On entry : 
		On exit  : 
		Unchanged: 
 Data sizes:     COMMON   BANK0   BANK1   BANK2
      Params:         0       0       0       0
      Locals:         0       0       0       0
      Temps:          0       0       0       0
      Totals:         0       0       0       0
Total ram usage:        0 bytes
 Hardware stack levels used:    1
 This function calls:
		Nothing
 This function is called by:
		_ISR
 This function uses a non-reentrant model


 *************** function _tmr_TMR0mark *****************
 Defined at:
		line 26 in file "tmr_TMR0.c"
 Parameters:    Size  Location     Type
		None
 Auto vars:     Size  Location     Type
		None
 Return value:  Size  Location     Type
                  1    wreg      void 
 Registers used:
		wreg, fsr1l, fsr1h, status,2, status,0
 Tracked objects:
		On entry : 
		On exit  : 
		Unchanged: 
 Data sizes:     COMMON   BANK0   BANK1   BANK2
      Params:         0       0       0       0
      Locals:         0       0       0       0
      Temps:          3       0       0       0
      Totals:         3       0       0       0
Total ram usage:        3 bytes
 Hardware stack levels used:    1
 This function calls:
		Nothing
 This function is called by:
		_ISR
 This function uses a non-reentrant model


 *************** function _tmr_TMR0IncRollovers *****************
 Defined at:
		line 41 in file "tmr_TMR0.c"
 Parameters:    Size  Location     Type
		None
 Auto vars:     Size  Location     Type
		None
 Return value:  Size  Location     Type
                  1    wreg      void 
 Registers used:
		wreg, status,2, status,0, pclath, cstack
 Tracked objects:
		On entry : 
		On exit  : 
		Unchanged: 
 Data sizes:     COMMON   BANK0   BANK1   BANK2
      Params:         0       0       0       0
      Locals:         0       0       0       0
      Temps:          1       0       0       0
      Totals:         1       0       0       0
Total ram usage:        1 bytes
 Hardware stack levels used:    1
 Hardware stack levels required when called:    1
 This function calls:
		_tmr_TMR0Dis
 This function is called by:
		_ISR
 This function uses a non-reentrant model


 *************** function _tmr_TMR0Dis *****************
 Defined at:
		line 66 in file "tmr_TMR0.c"
 Parameters:    Size  Location     Type
		None
 Auto vars:     Size  Location     Type
		None
 Return value:  Size  Location     Type
                  1    wreg      void 
 Registers used:
		None
 Tracked objects:
		On entry : 
		On exit  : 
		Unchanged: 
 Data sizes:     COMMON   BANK0   BANK1   BANK2
      Params:         0       0       0       0
      Locals:         0       0       0       0
      Temps:          0       0       0       0
      Totals:         0       0       0       0
Total ram usage:        0 bytes
 Hardware stack levels used:    1
 This function calls:
		Nothing
 This function is called by:
		_tmr_TMR0IncRollovers
 This function uses a non-reentrant model


 *************** function _rtc_ISR *****************
 Defined at:
		line 24 in file "RTC.c"
 Parameters:    Size  Location     Type
		None
 Auto vars:     Size  Location     Type
		None
 Return value:  Size  Location     Type
                  1    wreg      void 
 Registers used:
		wreg, status,2, status,0, pclath, cstack
 Tracked objects:
		On entry : 
		On exit  : 
		Unchanged: 
 Data sizes:     COMMON   BANK0   BANK1   BANK2
      Params:         0       0       0       0
      Locals:         0       0       0       0
      Temps:          1       0       0       0
      Totals:         1       0       0       0
Total ram usage:        1 bytes
 Hardware stack levels used:    1
 Hardware stack levels required when called:    1
 This function calls:
		i1_led_Off
		i1_tmr_TMR1Dis
 This function is called by:
		_ISR
 This function uses a non-reentrant model


 *************** function i1_tmr_TMR1Dis *****************
 Defined at:
		line 88 in file "tmr_TMR1.c"
 Parameters:    Size  Location     Type
		None
 Auto vars:     Size  Location     Type
		None
 Return value:  Size  Location     Type
                  1    wreg      void 
 Registers used:
		None
 Tracked objects:
		On entry : 
		On exit  : 
		Unchanged: 
 Data sizes:     COMMON   BANK0   BANK1   BANK2
      Params:         0       0       0       0
      Locals:         0       0       0       0
      Temps:          0       0       0       0
      Totals:         0       0       0       0
Total ram usage:        0 bytes
 Hardware stack levels used:    1
 This function calls:
		Nothing
 This function is called by:
		_rtc_ISR
 This function uses a non-reentrant model


 *************** function _led_Toggle *****************
 Defined at:
		line 42 in file "LED.c"
 Parameters:    Size  Location     Type
		None
 Auto vars:     Size  Location     Type
		None
 Return value:  Size  Location     Type
                  1    wreg      void 
 Registers used:
		wreg, status,2, status,0, pclath, cstack
 Tracked objects:
		On entry : 
		On exit  : 
		Unchanged: 
 Data sizes:     COMMON   BANK0   BANK1   BANK2
      Params:         0       0       0       0
      Locals:         0       0       0       0
      Temps:          0       0       0       0
      Totals:         0       0       0       0
Total ram usage:        0 bytes
 Hardware stack levels used:    1
 Hardware stack levels required when called:    1
 This function calls:
		i1_led_Bright
		i1_led_Off
 This function is called by:
		_ISR
 This function uses a non-reentrant model


 *************** function i1_led_Off *****************
 Defined at:
		line 33 in file "LED.c"
 Parameters:    Size  Location     Type
		None
 Auto vars:     Size  Location     Type
		None
 Return value:  Size  Location     Type
                  1    wreg      void 
 Registers used:
		status,2
 Tracked objects:
		On entry : 
		On exit  : 
		Unchanged: 
 Data sizes:     COMMON   BANK0   BANK1   BANK2
      Params:         0       0       0       0
      Locals:         0       0       0       0
      Temps:          0       0       0       0
      Totals:         0       0       0       0
Total ram usage:        0 bytes
 Hardware stack levels used:    1
 This function calls:
		Nothing
 This function is called by:
		_led_Toggle
		_rtc_ISR
 This function uses a non-reentrant model


 *************** function i1_led_Bright *****************
 Defined at:
		line 16 in file "LED.c"
 Parameters:    Size  Location     Type
		None
 Auto vars:     Size  Location     Type
		None
 Return value:  Size  Location     Type
                  1    wreg      void 
 Registers used:
		None
 Tracked objects:
		On entry : 
		On exit  : 
		Unchanged: 
 Data sizes:     COMMON   BANK0   BANK1   BANK2
      Params:         0       0       0       0
      Locals:         0       0       0       0
      Temps:          0       0       0       0
      Totals:         0       0       0       0
Total ram usage:        0 bytes
 Hardware stack levels used:    1
 This function calls:
		Nothing
 This function is called by:
		_led_Toggle
 This function uses a non-reentrant model



MODULE INFORMATION

Module		Function		Class		Link	Load	Size
LED.c
		_led_ConfigureLED		CODE           	037F	0000	10
		_led_Toggle    		CODE           	034A	0000	15
		_led_Dim       		CODE           	0399	0000	9
		_led_Bright    		CODE           	0358	0000	11
		_led_Off       		CODE           	0376	0000	10

LED.c estimated size: 55

PowerManagement.c
		_pwrmgmt_DisablePeripherals		CODE           	02F3	0000	20

PowerManagement.c estimated size: 20

tmr_TMR1.c
		_tmr_TMR1SOSCpowerLevel		CODE           	02DF	0000	21
		_tmr_TMR1En    		CODE           	03C2	0000	5
		_tmr_TMR1Dis   		CODE           	03BE	0000	5
		_tmr_TMR1Init  		CODE           	02C9	0000	23
		_tmr_TMR1Reset 		CODE           	0391	0000	9
		_tmr_TMR1setPreload		CODE           	03B4	0000	6

tmr_TMR1.c estimated size: 69

Oscillator.c
		_osc_Config1MHz		CODE           	03AF	0000	6

Oscillator.c estimated size: 6

NEC.c
		_nec_ProcessPacket		CODE           	0069	0000	268
		_nec_ExecuteCommand		CODE           	0174	0000	171

NEC.c estimated size: 439

Interrupts.c
		_ISR           		CODE           	0004	0000	64
		_configureIOCInt		CODE           	0362	0000	11

Interrupts.c estimated size: 75

shared
		i1_led_Off     		CODE           	0388	0000	10
		i1_tmr_TMR1Dis 		CODE           	03C6	0000	5
		i1_led_Bright  		CODE           	036C	0000	11
		__initialization		CODE           	0044	0000	35
		i1_tmr_TMR1Reset		CODE           	03A1	0000	9

shared estimated size: 70

tmr_TMR0.c
		_tmr_computeDelta		CODE           	0306	0000	19
		_tmr_TMR0Dis   		CODE           	03CD	0000	4
		_tmr_TMR0mark  		CODE           	0287	0000	35
		_tmr_TMR0Init  		CODE           	0318	0000	18
		_tmr_TMR0reset 		CODE           	02A9	0000	33
		_tmr_TMR0IncRollovers		CODE           	0329	0000	18
		_accquisitionComplete		CODE           	03CA	0000	4

tmr_TMR0.c estimated size: 131

main.c
		_main          		CODE           	021E	0000	65

main.c estimated size: 65

RTC.c
		_rtc_Reset     		CODE           	03B9	0000	6
		_rtc_SetHourDelay		CODE           	033A	0000	17
		_rtc_ISR       		CODE           	025E	0000	42

RTC.c estimated size: 65

