Microchip MPLAB XC8 Compiler V2.10 ()

Linker command line:

-W-3 --edf=C:\Program Files (x86)\Microchip\xc8\v2.10\pic\dat\en_msgs.txt \
  -cs -h+dist/default/production\IRdA.X.production.sym \
  --cmf=dist/default/production\IRdA.X.production.cmf -z -Q16LF18313 \
  -oC:\Users\10158431\AppData\Local\Temp\s2r7k.2 --defsym=__MPLAB_BUILD=1 \
  -Mdist/default/production/IRdA.X.production.map -E1 -ver=XC8 --acfsm=1493 \
  -ASTACK=020C0h-020EFh -pstack=STACK -ACODE=00h-07FFh -ASTRCODE=00h-07FFh \
  -ASTRING=00h-0FFhx8 -ACONST=00h-0FFhx8 -AENTRY=00h-0FFhx8 \
  -ACOMMON=070h-07Fh -ABANK0=020h-06Fh -ABANK1=0A0h-0EFh \
  -ABANK2=0120h-016Fh -ABIGRAM=02000h-020EFh \
  -ARAM=020h-06Fh,0A0h-0EFh,0120h-016Fh \
  -AABS1=020h-07Fh,0A0h-0EFh,0120h-016Fh -ASFR0=00h-01Fh -ASFR1=080h-09Fh \
  -ASFR2=0100h-011Fh -ASFR3=0180h-01EFh -ASFR4=0200h-026Fh \
  -ASFR5=0280h-02EFh -ASFR6=0300h-036Fh -ASFR7=0380h-03EFh \
  -ASFR8=0400h-046Fh -ASFR9=0480h-04EFh -ASFR10=0500h-056Fh \
  -ASFR11=0580h-05EFh -ASFR12=0600h-066Fh -ASFR13=0680h-06EFh \
  -ASFR14=0700h-076Fh -ASFR15=0780h-07EFh -ASFR16=0800h-086Fh \
  -ASFR17=0880h-08EFh -ASFR18=0900h-096Fh -ASFR19=0980h-09EFh \
  -ASFR20=0A00h-0A6Fh -ASFR21=0A80h-0AEFh -ASFR22=0B00h-0B6Fh \
  -ASFR23=0B80h-0BEFh -ASFR24=0C00h-0C6Fh -ASFR25=0C80h-0CEFh \
  -ASFR26=0D00h-0D6Fh -ASFR27=0D80h-0DEFh -ASFR28=0E00h-0E6Fh \
  -ASFR29=0E80h-0EEFh -ASFR30=0F00h-0F6Fh -ASFR31=0F80h-0FEFh \
  -preset_vec=00h,intentry=04h,init,end_init -ppowerup=CODE -pcinit=CODE \
  -pfunctab=ENTRY -ACONFIG=08007h-0800Ah -pconfig=CONFIG -DCONFIG=2 \
  -AIDLOC=08000h-08003h -pidloc=IDLOC -DIDLOC=2 -AEEDATA=00h-0FFh/0F000h \
  -peeprom_data=EEDATA -DEEDATA=2 -DCODE=2 -DSTRCODE=2 -DSTRING=2 -DCONST=2 \
  -DENTRY=2 -k C:\Users\10158431\AppData\Local\Temp\s2r7k.o \
  dist/default/production\IRdA.X.production.o 

Object code version is 3.11

Machine type is 16LF18313



                Name                               Link     Load   Length Selector   Space Scale
C:\Users\10158431\AppData\Local\Temp\s2r7k.o
                end_init                             48       48        1        8       0
                reset_vec                             0        0        1        0       0
                config                             8007     8007        4    1000E       0
dist/default/production\IRdA.X.production.o
                cinit                                49       49       35        8       0
                intentry                              4        4       44        8       0
                text31                              321      321        A        8       0
                text30                              33D      33D        9        8       0
                text29                              2FF      2FF        E        8       0
                text28                              37F      37F        4        8       0
                text27                              262      262       1C        8       0
                text26                              386      386        3        8       0
                text25                              2DE      2DE       11        8       0
                text24                              220      220       22        8       0
                text23                              356      356        8        8       0
                text21                              383      383        3        8       0
                text20                              317      317        A        8       0
                text19                              334      334        9        8       0
                text18                              30D      30D        A        8       0
                text17                              34E      34E        8        8       0
                text16                              32B      32B        9        8       0
                text15                              36E      36E        5        8       0
                text14                              37B      37B        4        8       0
                text13                              346      346        8        8       0
                text12                              2EF      2EF       10        8       0
                text11                              377      377        4        8       0
                text10                              294      294       14        8       0
                text9                               369      369        5        8       0
                text8                               142      142       9E        8       0
                text7                               2BB      2BB       12        8       0
                text6                                7E       7E       C4        8       0
                text5                               364      364        5        8       0
                text4                               2A8      2A8       13        8       0
                text3                               2CD      2CD       11        8       0
                text2                               242      242       20        8       0
                text1                               27E      27E       16        8       0
                maintext                            1E0      1E0       40        8       0
                cstackBANK0                          20       20       30       20       1
                cstackCOMMON                         70       70        6       70       1
                clrtext                             35E      35E        6        8       0
                bssBANK2                            120      120       20      120       1
                bssBANK1                             A0       A0       44       A0       1
                dataBANK0                            67       67        4       20       1
                bssBANK0                             50       50       17       20       1
                dataCOMMON                           78       78        2       70       1
                bssCOMMON                            76       76        2       70       1
                nvBANK0                              6B       6B        1       20       1
                idataBANK0                          373      373        4        8       0
                idataCOMMON                         389      389        2        8       0

TOTAL           Name                               Link     Load   Length     Space
        CLASS   STACK          

        CLASS   CODE           
                end_init                             48       48        1         0
                cinit                                49       49       35         0
                intentry                              4        4       44         0
                reset_vec                             0        0        1         0
                text31                              321      321        A         0
                text30                              33D      33D        9         0
                text29                              2FF      2FF        E         0
                text28                              37F      37F        4         0
                text27                              262      262       1C         0
                text26                              386      386        3         0
                text25                              2DE      2DE       11         0
                text24                              220      220       22         0
                text23                              356      356        8         0
                text21                              383      383        3         0
                text20                              317      317        A         0
                text19                              334      334        9         0
                text18                              30D      30D        A         0
                text17                              34E      34E        8         0
                text16                              32B      32B        9         0
                text15                              36E      36E        5         0
                text14                              37B      37B        4         0
                text13                              346      346        8         0
                text12                              2EF      2EF       10         0
                text11                              377      377        4         0
                text10                              294      294       14         0
                text9                               369      369        5         0
                text8                               142      142       9E         0
                text7                               2BB      2BB       12         0
                text6                                7E       7E       C4         0
                text5                               364      364        5         0
                text4                               2A8      2A8       13         0
                text3                               2CD      2CD       11         0
                text2                               242      242       20         0
                text1                               27E      27E       16         0
                maintext                            1E0      1E0       40         0
                clrtext                             35E      35E        6         0
                idataBANK0                          373      373        4         0
                idataCOMMON                         389      389        2         0

        CLASS   STRCODE        

        CLASS   STRING         

        CLASS   CONST          

        CLASS   ENTRY          

        CLASS   COMMON         
                cstackCOMMON                         70       70        6         1
                dataCOMMON                           78       78        2         1
                bssCOMMON                            76       76        2         1

        CLASS   BANK0          
                cstackBANK0                          20       20       30         1
                dataBANK0                            67       67        4         1
                bssBANK0                             50       50       17         1
                nvBANK0                              6B       6B        1         1

        CLASS   BANK1          
                bssBANK1                             A0       A0       44         1

        CLASS   BANK2          
                bssBANK2                            120      120       20         1

        CLASS   BIGRAM         

        CLASS   RAM            

        CLASS   ABS1           
                abs_s1                               7E       7E        2         1

        CLASS   SFR0           

        CLASS   SFR1           

        CLASS   SFR2           

        CLASS   SFR3           

        CLASS   SFR4           

        CLASS   SFR5           

        CLASS   SFR6           

        CLASS   SFR7           

        CLASS   SFR8           

        CLASS   SFR9           

        CLASS   SFR10          

        CLASS   SFR11          

        CLASS   SFR12          

        CLASS   SFR13          

        CLASS   SFR14          

        CLASS   SFR15          

        CLASS   SFR16          

        CLASS   SFR17          

        CLASS   SFR18          

        CLASS   SFR19          

        CLASS   SFR20          

        CLASS   SFR21          

        CLASS   SFR22          

        CLASS   SFR23          

        CLASS   SFR24          

        CLASS   SFR25          

        CLASS   SFR26          

        CLASS   SFR27          

        CLASS   SFR28          

        CLASS   SFR29          

        CLASS   SFR30          

        CLASS   SFR31          

        CLASS   CONFIG         
                config                             8007     8007        4         0

        CLASS   IDLOC          

        CLASS   EEDATA         

        CLASS   BANK31         

        CLASS   BANK30         

        CLASS   BANK29         

        CLASS   BANK28         

        CLASS   BANK27         

        CLASS   BANK26         

        CLASS   BANK25         

        CLASS   BANK24         

        CLASS   BANK23         

        CLASS   BANK22         

        CLASS   BANK21         

        CLASS   BANK20         

        CLASS   BANK19         

        CLASS   BANK18         

        CLASS   BANK17         

        CLASS   BANK16         

        CLASS   BANK15         

        CLASS   BANK14         

        CLASS   BANK13         

        CLASS   BANK12         

        CLASS   BANK11         

        CLASS   BANK10         

        CLASS   BANK9          

        CLASS   BANK8          

        CLASS   BANK7          

        CLASS   BANK6          

        CLASS   BANK5          

        CLASS   BANK4          

        CLASS   BANK3          



SEGMENTS        Name                           Load    Length   Top    Selector   Space  Class     Delta

                reset_vec                      000000  000001  000001         0       0  CODE        2
                intentry                       000004  000387  00038B         8       0  CODE        2
                cstackBANK0                    000020  00004C  00006C        20       1  BANK0       1
                cstackCOMMON                   000070  00000A  00007A        70       1  COMMON      1
                bssBANK1                       0000A0  000044  0000E4        A0       1  BANK1       1
                bssBANK2                       000120  000020  000140       120       1  BANK2       1
                config                         008007  000004  00800B     1000E       0  CONFIG      2


UNUSED ADDRESS RANGES

        Name                Unused          Largest block    Delta
        BANK0            0006C-0006F               4           1
        BANK1            000E4-000EF               C           1
        BANK2            00140-0016F              30           1
        BIGRAM           02000-020EF              F0           1
        CODE             00001-00003               3           2
                         0038B-007FF             475
        COMMON           0007A-0007D               4           1
        CONST            00001-00003               3           2
                         0038B-007FF             100
        EEDATA           0F000-0F0FF             100           2
        ENTRY            00001-00003               3           2
                         0038B-007FF             100
        IDLOC            08000-08003               4           2
        RAM              0006C-0006F               4           1
                         000E4-000EF               C
                         00140-0016F              30
        SFR0             00000-0001F              20           1
        SFR1             00080-0009F              20           1
        SFR10            00500-0056F              70           1
        SFR11            00580-005EF              70           1
        SFR12            00600-0066F              70           1
        SFR13            00680-006EF              70           1
        SFR14            00700-0076F              70           1
        SFR15            00780-007EF              70           1
        SFR16            00800-0086F              70           1
        SFR17            00880-008EF              70           1
        SFR18            00900-0096F              70           1
        SFR19            00980-009EF              70           1
        SFR2             00100-0011F              20           1
        SFR20            00A00-00A6F              70           1
        SFR21            00A80-00AEF              70           1
        SFR22            00B00-00B6F              70           1
        SFR23            00B80-00BEF              70           1
        SFR24            00C00-00C6F              70           1
        SFR25            00C80-00CEF              70           1
        SFR26            00D00-00D6F              70           1
        SFR27            00D80-00DEF              70           1
        SFR28            00E00-00E6F              70           1
        SFR29            00E80-00EEF              70           1
        SFR3             00180-001EF              70           1
        SFR30            00F00-00F6F              70           1
        SFR31            00F80-00FEF              70           1
        SFR4             00200-0026F              70           1
        SFR5             00280-002EF              70           1
        SFR6             00300-0036F              70           1
        SFR7             00380-003EF              70           1
        SFR8             00400-0046F              70           1
        SFR9             00480-004EF              70           1
        STACK            020C0-020EF              30           1
        STRCODE          00001-00003               3           2
                         0038B-007FF             475
        STRING           00001-00003               3           2
                         0038B-007FF             100

                                  Symbol Table

?_tmr_computeDelta                   cstackBANK0  00020
_ANSELAbits                          (abs)        0018C
_BAUD1CONbits                        (abs)        0019F
_CCP1CON                             (abs)        00293
_CCP1CONbits                         (abs)        00293
_CCPR1H                              (abs)        00292
_CCPR1L                              (abs)        00291
_CPUDOZEbits                         (abs)        00918
_DACCON0bits                         (abs)        00118
_DACCON1bits                         (abs)        00119
_DAClevel                            bssCOMMON    00076
_INTCONbits                          (abs)        0000B
_IOCAFbits                           (abs)        00393
_IOCANbits                           (abs)        00392
_IR_received                         bssBANK0     00062
_ISR                                 intentry     00004
_LATAbits                            (abs)        0010C
_LED_status                          nvBANK0      0006B
_OSCCON1                             (abs)        00919
_OSCCON3bits                         (abs)        0091B
_OSCFRQ                              (abs)        0091F
_OSCSTAT1bits                        (abs)        0091C
_PIE0bits                            (abs)        00090
_PIE1bits                            (abs)        00091
_PIE4bits                            (abs)        00094
_PIR0bits                            (abs)        00010
_PIR1bits                            (abs)        00011
_PIR4bits                            (abs)        00014
_PMD0bits                            (abs)        00911
_PMD1bits                            (abs)        00912
_PMD2bits                            (abs)        00913
_PMD3bits                            (abs)        00914
_PMD4bits                            (abs)        00915
_PMD5bits                            (abs)        00916
_RA0PPS                              (abs)        00E90
_RC1STAbits                          (abs)        0019D
_SPBRGL                              (abs)        0019B
_T0CON0bits                          (abs)        00017
_T0CON1bits                          (abs)        00018
_T1CONbits                           (abs)        0001B
_TMR0H                               (abs)        00016
_TMR0L                               (abs)        00015
_TMR0countArray                      bssBANK1     000A0
_TMR0rollovers                       bssBANK0     00061
_TMR1H                               (abs)        0001A
_TMR1IntType                         bssCOMMON    00077
_TMR1L                               (abs)        00019
_TMR1preload                         dataCOMMON   00078
_TRISAbits                           (abs)        0008C
_TX1REG                              (abs)        0019A
_TX1STAbits                          (abs)        0019E
_U0_RxBuf_t                          bssBANK0     00063
__CFG_BOREN$OFF                      (abs)        00000
__CFG_BORV$LOW                       (abs)        00000
__CFG_CLKOUTEN$OFF                   (abs)        00000
__CFG_CP$OFF                         (abs)        00000
__CFG_CPD$OFF                        (abs)        00000
__CFG_CSWEN$ON                       (abs)        00000
__CFG_DEBUG$OFF                      (abs)        00000
__CFG_FCMEN$OFF                      (abs)        00000
__CFG_FEXTOSC$OFF                    (abs)        00000
__CFG_LPBOREN$OFF                    (abs)        00000
__CFG_LVP$OFF                        (abs)        00000
__CFG_MCLRE$ON                       (abs)        00000
__CFG_PPS1WAY$ON                     (abs)        00000
__CFG_PWRTE$OFF                      (abs)        00000
__CFG_RSTOSC$HFINT1                  (abs)        00000
__CFG_STVREN$ON                      (abs)        00000
__CFG_WDTE$OFF                       (abs)        00000
__CFG_WRT$OFF                        (abs)        00000
__Habs1                              abs1         00000
__Hbank0                             bank0        00000
__Hbank1                             bank1        00000
__Hbank10                            bank10       00000
__Hbank11                            bank11       00000
__Hbank12                            bank12       00000
__Hbank13                            bank13       00000
__Hbank14                            bank14       00000
__Hbank15                            bank15       00000
__Hbank16                            bank16       00000
__Hbank17                            bank17       00000
__Hbank18                            bank18       00000
__Hbank19                            bank19       00000
__Hbank2                             bank2        00000
__Hbank20                            bank20       00000
__Hbank21                            bank21       00000
__Hbank22                            bank22       00000
__Hbank23                            bank23       00000
__Hbank24                            bank24       00000
__Hbank25                            bank25       00000
__Hbank26                            bank26       00000
__Hbank27                            bank27       00000
__Hbank28                            bank28       00000
__Hbank29                            bank29       00000
__Hbank3                             bank3        00000
__Hbank30                            bank30       00000
__Hbank31                            bank31       00000
__Hbank4                             bank4        00000
__Hbank5                             bank5        00000
__Hbank6                             bank6        00000
__Hbank7                             bank7        00000
__Hbank8                             bank8        00000
__Hbank9                             bank9        00000
__Hbigram                            bigram       00000
__HbssBANK0                          bssBANK0     00000
__HbssBANK1                          bssBANK1     00000
__HbssBANK2                          bssBANK2     00000
__HbssCOMMON                         bssCOMMON    00000
__Hcinit                             cinit        0007E
__Hclrtext                           clrtext      00000
__Hcode                              code         00000
__Hcommon                            common       00000
__Hconfig                            config       0800B
__HcstackBANK0                       cstackBANK0  00000
__HcstackCOMMON                      cstackCOMMON 00000
__HdataBANK0                         dataBANK0    00000
__HdataCOMMON                        dataCOMMON   00000
__Heeprom_data                       eeprom_data  00000
__Hend_init                          end_init     00049
__Hfunctab                           functab      00000
__HidataBANK0                        idataBANK0   00000
__HidataCOMMON                       idataCOMMON  00000
__Hidloc                             idloc        00000
__Hinit                              init         00048
__Hintentry                          intentry     00048
__Hmaintext                          maintext     00000
__HnvBANK0                           nvBANK0      00000
__Hpowerup                           powerup      00000
__Hram                               ram          00000
__Hreset_vec                         reset_vec    00001
__Hsfr0                              sfr0         00000
__Hsfr1                              sfr1         00000
__Hsfr10                             sfr10        00000
__Hsfr11                             sfr11        00000
__Hsfr12                             sfr12        00000
__Hsfr13                             sfr13        00000
__Hsfr14                             sfr14        00000
__Hsfr15                             sfr15        00000
__Hsfr16                             sfr16        00000
__Hsfr17                             sfr17        00000
__Hsfr18                             sfr18        00000
__Hsfr19                             sfr19        00000
__Hsfr2                              sfr2         00000
__Hsfr20                             sfr20        00000
__Hsfr21                             sfr21        00000
__Hsfr22                             sfr22        00000
__Hsfr23                             sfr23        00000
__Hsfr24                             sfr24        00000
__Hsfr25                             sfr25        00000
__Hsfr26                             sfr26        00000
__Hsfr27                             sfr27        00000
__Hsfr28                             sfr28        00000
__Hsfr29                             sfr29        00000
__Hsfr3                              sfr3         00000
__Hsfr30                             sfr30        00000
__Hsfr31                             sfr31        00000
__Hsfr4                              sfr4         00000
__Hsfr5                              sfr5         00000
__Hsfr6                              sfr6         00000
__Hsfr7                              sfr7         00000
__Hsfr8                              sfr8         00000
__Hsfr9                              sfr9         00000
__Hspace_0                           (abs)        0800B
__Hspace_1                           (abs)        00140
__Hspace_2                           (abs)        00000
__Hspace_3                           (abs)        00000
__Hstack                             stack        00000
__Hstrings                           strings      00000
__Htext                              text         00000
__Labs1                              abs1         00000
__Lbank0                             bank0        00000
__Lbank1                             bank1        00000
__Lbank10                            bank10       00000
__Lbank11                            bank11       00000
__Lbank12                            bank12       00000
__Lbank13                            bank13       00000
__Lbank14                            bank14       00000
__Lbank15                            bank15       00000
__Lbank16                            bank16       00000
__Lbank17                            bank17       00000
__Lbank18                            bank18       00000
__Lbank19                            bank19       00000
__Lbank2                             bank2        00000
__Lbank20                            bank20       00000
__Lbank21                            bank21       00000
__Lbank22                            bank22       00000
__Lbank23                            bank23       00000
__Lbank24                            bank24       00000
__Lbank25                            bank25       00000
__Lbank26                            bank26       00000
__Lbank27                            bank27       00000
__Lbank28                            bank28       00000
__Lbank29                            bank29       00000
__Lbank3                             bank3        00000
__Lbank30                            bank30       00000
__Lbank31                            bank31       00000
__Lbank4                             bank4        00000
__Lbank5                             bank5        00000
__Lbank6                             bank6        00000
__Lbank7                             bank7        00000
__Lbank8                             bank8        00000
__Lbank9                             bank9        00000
__Lbigram                            bigram       00000
__LbssBANK0                          bssBANK0     00000
__LbssBANK1                          bssBANK1     00000
__LbssBANK2                          bssBANK2     00000
__LbssCOMMON                         bssCOMMON    00000
__Lcinit                             cinit        00049
__Lclrtext                           clrtext      00000
__Lcode                              code         00000
__Lcommon                            common       00000
__Lconfig                            config       08007
__LcstackBANK0                       cstackBANK0  00000
__LcstackCOMMON                      cstackCOMMON 00000
__LdataBANK0                         dataBANK0    00000
__LdataCOMMON                        dataCOMMON   00000
__Leeprom_data                       eeprom_data  00000
__Lend_init                          end_init     00048
__Lfunctab                           functab      00000
__LidataBANK0                        idataBANK0   00000
__LidataCOMMON                       idataCOMMON  00000
__Lidloc                             idloc        00000
__Linit                              init         00048
__Lintentry                          intentry     00004
__Lmaintext                          maintext     00000
__LnvBANK0                           nvBANK0      00000
__Lpowerup                           powerup      00000
__Lram                               ram          00000
__Lreset_vec                         reset_vec    00000
__Lsfr0                              sfr0         00000
__Lsfr1                              sfr1         00000
__Lsfr10                             sfr10        00000
__Lsfr11                             sfr11        00000
__Lsfr12                             sfr12        00000
__Lsfr13                             sfr13        00000
__Lsfr14                             sfr14        00000
__Lsfr15                             sfr15        00000
__Lsfr16                             sfr16        00000
__Lsfr17                             sfr17        00000
__Lsfr18                             sfr18        00000
__Lsfr19                             sfr19        00000
__Lsfr2                              sfr2         00000
__Lsfr20                             sfr20        00000
__Lsfr21                             sfr21        00000
__Lsfr22                             sfr22        00000
__Lsfr23                             sfr23        00000
__Lsfr24                             sfr24        00000
__Lsfr25                             sfr25        00000
__Lsfr26                             sfr26        00000
__Lsfr27                             sfr27        00000
__Lsfr28                             sfr28        00000
__Lsfr29                             sfr29        00000
__Lsfr3                              sfr3         00000
__Lsfr30                             sfr30        00000
__Lsfr31                             sfr31        00000
__Lsfr4                              sfr4         00000
__Lsfr5                              sfr5         00000
__Lsfr6                              sfr6         00000
__Lsfr7                              sfr7         00000
__Lsfr8                              sfr8         00000
__Lsfr9                              sfr9         00000
__Lspace_0                           (abs)        00000
__Lspace_1                           (abs)        00000
__Lspace_2                           (abs)        00000
__Lspace_3                           (abs)        00000
__Lstack                             stack        00000
__Lstrings                           strings      00000
__Ltext                              text         00000
__S0                                 (abs)        0800B
__S1                                 (abs)        00140
__S2                                 (abs)        00000
__S3                                 (abs)        00000
___int_sp                            stack        00000
___latbits                           (abs)        00000
___sp                                stack        00000
___stackhi                           (abs)        020EF
___stacklo                           (abs)        020C0
__end_of_ISR                         intentry     00048
__end_of__initialization             cinit        0007B
__end_of_accquisitionComplete        text21       00386
__end_of_configureIOCInt             text20       00321
__end_of_led_Bright                  text18       00317
__end_of_led_ConfigureLED            text19       0033D
__end_of_led_Dim                     text17       00356
__end_of_led_Off                     text16       00334
__end_of_led_Toggle                  text29       0030D
__end_of_main                        maintext     00220
__end_of_nec_ExecuteCommand          text8        001E0
__end_of_nec_ProcessPacket           text6        00142
__end_of_osc_Config1MHz              text5        00369
__end_of_pwrmgmt_DisablePeripherals  text4        002BB
__end_of_rtc_ISR                     text27       0027E
__end_of_rtc_Reset                   text15       00373
__end_of_rtc_SetHourDelay            text12       002FF
__end_of_tmr_TMR0Dis                 text26       00389
__end_of_tmr_TMR0IncRollovers        text25       002EF
__end_of_tmr_TMR0Init                text3        002DE
__end_of_tmr_TMR0mark                text24       00242
__end_of_tmr_TMR0reset               text2        00262
__end_of_tmr_TMR1Dis                 text11       0037B
__end_of_tmr_TMR1En                  text14       0037F
__end_of_tmr_TMR1Init                text1        00294
__end_of_tmr_TMR1Reset               text13       0034E
__end_of_tmr_TMR1SOSCpowerLevel      text10       002A8
__end_of_tmr_TMR1setPreload          text9        0036E
__end_of_tmr_computeDelta            text7        002CD
__end_ofi1_led_Bright                text31       0032B
__end_ofi1_led_Off                   text30       00346
__end_ofi1_tmr_TMR1Dis               text28       00383
__end_ofi1_tmr_TMR1Reset             text23       0035E
__initialization                     cinit        00049
__pbssBANK0                          bssBANK0     00050
__pbssBANK1                          bssBANK1     000A0
__pbssBANK2                          bssBANK2     00120
__pbssCOMMON                         bssCOMMON    00076
__pcstackBANK0                       cstackBANK0  00020
__pcstackCOMMON                      cstackCOMMON 00070
__pdataBANK0                         dataBANK0    00067
__pdataCOMMON                        dataCOMMON   00078
__pidataBANK0                        idataBANK0   00373
__pidataCOMMON                       idataCOMMON  00389
__pintentry                          intentry     00004
__pmaintext                          maintext     001E0
__pnvBANK0                           nvBANK0      0006B
__ptext1                             text1        0027E
__ptext10                            text10       00294
__ptext11                            text11       00377
__ptext12                            text12       002EF
__ptext13                            text13       00346
__ptext14                            text14       0037B
__ptext15                            text15       0036E
__ptext16                            text16       0032B
__ptext17                            text17       0034E
__ptext18                            text18       0030D
__ptext19                            text19       00334
__ptext2                             text2        00242
__ptext20                            text20       00317
__ptext21                            text21       00383
__ptext23                            text23       00356
__ptext24                            text24       00220
__ptext25                            text25       002DE
__ptext26                            text26       00386
__ptext27                            text27       00262
__ptext28                            text28       0037F
__ptext29                            text29       002FF
__ptext3                             text3        002CD
__ptext30                            text30       0033D
__ptext31                            text31       00321
__ptext4                             text4        002A8
__ptext5                             text5        00364
__ptext6                             text6        0007E
__ptext7                             text7        002BB
__ptext8                             text8        00142
__ptext9                             text9        00369
__size_of_ISR                        (abs)        00000
__size_of_accquisitionComplete       (abs)        00000
__size_of_configureIOCInt            (abs)        00000
__size_of_led_Bright                 (abs)        00000
__size_of_led_ConfigureLED           (abs)        00000
__size_of_led_Dim                    (abs)        00000
__size_of_led_Off                    (abs)        00000
__size_of_led_Toggle                 (abs)        00000
__size_of_main                       (abs)        00000
__size_of_nec_ExecuteCommand         (abs)        00000
__size_of_nec_ProcessPacket          (abs)        00000
__size_of_osc_Config1MHz             (abs)        00000
__size_of_pwrmgmt_DisablePeripherals (abs)        00000
__size_of_rtc_ISR                    (abs)        00000
__size_of_rtc_Reset                  (abs)        00000
__size_of_rtc_SetHourDelay           (abs)        00000
__size_of_tmr_TMR0Dis                (abs)        00000
__size_of_tmr_TMR0IncRollovers       (abs)        00000
__size_of_tmr_TMR0Init               (abs)        00000
__size_of_tmr_TMR0mark               (abs)        00000
__size_of_tmr_TMR0reset              (abs)        00000
__size_of_tmr_TMR1Dis                (abs)        00000
__size_of_tmr_TMR1En                 (abs)        00000
__size_of_tmr_TMR1Init               (abs)        00000
__size_of_tmr_TMR1Reset              (abs)        00000
__size_of_tmr_TMR1SOSCpowerLevel     (abs)        00000
__size_of_tmr_TMR1setPreload         (abs)        00000
__size_of_tmr_computeDelta           (abs)        00000
__size_ofi1_led_Bright               (abs)        00000
__size_ofi1_led_Off                  (abs)        00000
__size_ofi1_tmr_TMR1Dis              (abs)        00000
__size_ofi1_tmr_TMR1Reset            (abs)        00000
_accComplete                         bssBANK0     0005E
_accquisitionComplete                text21       00383
_configureIOCInt                     text20       00317
_delay                               bssBANK0     00059
_hourDelay                           bssBANK0     0005D
_led_Bright                          text18       0030D
_led_ConfigureLED                    text19       00334
_led_Dim                             text17       0034E
_led_Off                             text16       0032B
_led_Toggle                          text29       002FF
_main                                maintext     001E0
_nec_ExecuteCommand                  text8        00142
_nec_ProcessPacket                   text6        0007E
_osc_Config1MHz                      text5        00364
_pwrmgmt_DisablePeripherals          text4        002A8
_rtc_ISR                             text27       00262
_rtc_Reset                           text15       0036E
_rtc_SetHourDelay                    text12       002EF
_sample                              bssBANK0     0005F
_seconds                             bssBANK0     0005B
_tRTC                                bssBANK0     00056
_tmr_TMR0Dis                         text26       00386
_tmr_TMR0IncRollovers                text25       002DE
_tmr_TMR0Init                        text3        002CD
_tmr_TMR0mark                        text24       00220
_tmr_TMR0reset                       text2        00242
_tmr_TMR1Dis                         text11       00377
_tmr_TMR1En                          text14       0037B
_tmr_TMR1Init                        text1        0027E
_tmr_TMR1Reset                       text13       00346
_tmr_TMR1SOSCpowerLevel              text10       00294
_tmr_TMR1setPreload                  text9        00369
_tmr_computeDelta                    text7        002BB
btemp                                (abs)        0007E
clear_ram0                           clrtext      0035E
end_of_initialization                cinit        0007B
i1_led_Bright                        text31       00321
i1_led_Off                           text30       0033D
i1_tmr_TMR1Dis                       text28       0037F
i1_tmr_TMR1Reset                     text23       00356
int$flags                            (abs)        0007E
intlevel0                            functab      00000
intlevel1                            functab      00000
intlevel2                            functab      00000
intlevel3                            functab      00000
intlevel4                            functab      00000
intlevel5                            functab      00000
main@NECcommand                      cstackBANK0  0004F
nec_ExecuteCommand@NECcommand        cstackBANK0  00020
nec_ProcessPacket@NECpacket          cstackBANK0  00025
nec_ProcessPacket@command            cstackBANK0  00045
nec_ProcessPacket@delta              cstackBANK0  00048
nec_ProcessPacket@i                  cstackBANK0  00046
reset_vec                            reset_vec    00000
rtc_SetHourDelay@hours               cstackCOMMON 00075
start                                init         00048
start_initialization                 cinit        00049
tmr_TMR0reset@i                      cstackBANK0  00020
tmr_TMR1SOSCpowerLevel@level         cstackCOMMON 00074
tmr_TMR1setPreload@preload           cstackCOMMON 00074
tmr_computeDelta@i                   cstackCOMMON 00074
wtemp0                               (abs)        0007E


FUNCTION INFORMATION:

 *************** function _main *****************
 Defined at:
		line 48 in file "main.c"
 Parameters:    Size  Location     Type
  argc            2   42[BANK0 ] int 
  argv            2   44[BANK0 ] PTR PTR unsigned char 
 Auto vars:     Size  Location     Type
  NECcommand      1   47[BANK0 ] unsigned char 
 Return value:  Size  Location     Type
                  2   42[BANK0 ] int 
 Registers used:
		wreg, fsr0l, fsr0h, fsr1l, fsr1h, status,2, status,0, pclath, cstack
 Tracked objects:
		On entry : 
		On exit  : 
		Unchanged: 
 Data sizes:     COMMON   BANK0   BANK1   BANK2
      Params:         0       4       0       0
      Locals:         0       1       0       0
      Temps:          0       1       0       0
      Totals:         0       6       0       0
Total ram usage:        6 bytes
 Hardware stack levels required when called:    6
 This function calls:
		_accquisitionComplete
		_configureIOCInt
		_led_Bright
		_led_ConfigureLED
		_nec_ExecuteCommand
		_nec_ProcessPacket
		_osc_Config1MHz
		_pwrmgmt_DisablePeripherals
		_rtc_Reset
		_tmr_TMR0Init
		_tmr_TMR0reset
		_tmr_TMR1Init
 This function is called by:
		Startup code after reset
 This function uses a non-reentrant model


 *************** function _tmr_TMR1Init *****************
 Defined at:
		line 86 in file "tmr_TMR1.c"
 Parameters:    Size  Location     Type
		None
 Auto vars:     Size  Location     Type
		None
 Return value:  Size  Location     Type
                  1    wreg      void 
 Registers used:
		wreg, status,2, status,0
 Tracked objects:
		On entry : 
		On exit  : 
		Unchanged: 
 Data sizes:     COMMON   BANK0   BANK1   BANK2
      Params:         0       0       0       0
      Locals:         0       0       0       0
      Temps:          0       0       0       0
      Totals:         0       0       0       0
Total ram usage:        0 bytes
 Hardware stack levels used:    1
 Hardware stack levels required when called:    3
 This function calls:
		Nothing
 This function is called by:
		_main
 This function uses a non-reentrant model


 *************** function _tmr_TMR0reset *****************
 Defined at:
		line 48 in file "tmr_TMR0.c"
 Parameters:    Size  Location     Type
		None
 Auto vars:     Size  Location     Type
  i               2    0[BANK0 ] int 
 Return value:  Size  Location     Type
                  1    wreg      void 
 Registers used:
		wreg, fsr1l, fsr1h, status,2, status,0
 Tracked objects:
		On entry : 
		On exit  : 
		Unchanged: 
 Data sizes:     COMMON   BANK0   BANK1   BANK2
      Params:         0       0       0       0
      Locals:         0       2       0       0
      Temps:          1       0       0       0
      Totals:         1       2       0       0
Total ram usage:        3 bytes
 Hardware stack levels used:    1
 Hardware stack levels required when called:    3
 This function calls:
		Nothing
 This function is called by:
		_main
 This function uses a non-reentrant model


 *************** function _tmr_TMR0Init *****************
 Defined at:
		line 67 in file "tmr_TMR0.c"
 Parameters:    Size  Location     Type
		None
 Auto vars:     Size  Location     Type
		None
 Return value:  Size  Location     Type
                  1    wreg      void 
 Registers used:
		wreg, status,2, status,0
 Tracked objects:
		On entry : 
		On exit  : 
		Unchanged: 
 Data sizes:     COMMON   BANK0   BANK1   BANK2
      Params:         0       0       0       0
      Locals:         0       0       0       0
      Temps:          0       0       0       0
      Totals:         0       0       0       0
Total ram usage:        0 bytes
 Hardware stack levels used:    1
 Hardware stack levels required when called:    3
 This function calls:
		Nothing
 This function is called by:
		_main
 This function uses a non-reentrant model


 *************** function _pwrmgmt_DisablePeripherals *****************
 Defined at:
		line 6 in file "PowerManagement.c"
 Parameters:    Size  Location     Type
		None
 Auto vars:     Size  Location     Type
		None
 Return value:  Size  Location     Type
                  1    wreg      void 
 Registers used:
		None
 Tracked objects:
		On entry : 
		On exit  : 
		Unchanged: 
 Data sizes:     COMMON   BANK0   BANK1   BANK2
      Params:         0       0       0       0
      Locals:         0       0       0       0
      Temps:          0       0       0       0
      Totals:         0       0       0       0
Total ram usage:        0 bytes
 Hardware stack levels used:    1
 Hardware stack levels required when called:    3
 This function calls:
		Nothing
 This function is called by:
		_main
 This function uses a non-reentrant model


 *************** function _osc_Config1MHz *****************
 Defined at:
		line 10 in file "Oscillator.c"
 Parameters:    Size  Location     Type
		None
 Auto vars:     Size  Location     Type
		None
 Return value:  Size  Location     Type
                  1    wreg      void 
 Registers used:
		wreg, status,2
 Tracked objects:
		On entry : 
		On exit  : 
		Unchanged: 
 Data sizes:     COMMON   BANK0   BANK1   BANK2
      Params:         0       0       0       0
      Locals:         0       0       0       0
      Temps:          0       0       0       0
      Totals:         0       0       0       0
Total ram usage:        0 bytes
 Hardware stack levels used:    1
 Hardware stack levels required when called:    3
 This function calls:
		Nothing
 This function is called by:
		_main
 This function uses a non-reentrant model


 *************** function _nec_ProcessPacket *****************
 Defined at:
		line 19 in file "NEC.c"
 Parameters:    Size  Location     Type
		None
 Auto vars:     Size  Location     Type
  i               2   38[BANK0 ] int 
  NECpacket      32    5[BANK0 ] unsigned char [32]
  delta           2   40[BANK0 ] unsigned int 
  command         1   37[BANK0 ] unsigned char 
 Return value:  Size  Location     Type
                  1    wreg      unsigned char 
 Registers used:
		wreg, fsr0l, fsr0h, fsr1l, fsr1h, status,2, status,0, pclath, cstack
 Tracked objects:
		On entry : 
		On exit  : 
		Unchanged: 
 Data sizes:     COMMON   BANK0   BANK1   BANK2
      Params:         0       0       0       0
      Locals:         0      37       0       0
      Temps:          0       2       0       0
      Totals:         0      39       0       0
Total ram usage:       39 bytes
 Hardware stack levels used:    1
 Hardware stack levels required when called:    4
 This function calls:
		_tmr_computeDelta
 This function is called by:
		_main
 This function uses a non-reentrant model


 *************** function _tmr_computeDelta *****************
 Defined at:
		line 29 in file "tmr_TMR0.c"
 Parameters:    Size  Location     Type
  i               1    wreg     unsigned char 
 Auto vars:     Size  Location     Type
  i               1    4[COMMON] unsigned char 
 Return value:  Size  Location     Type
                  2    0[BANK0 ] unsigned int 
 Registers used:
		wreg, fsr0l, fsr0h, fsr1l, fsr1h, status,2, status,0
 Tracked objects:
		On entry : 
		On exit  : 
		Unchanged: 
 Data sizes:     COMMON   BANK0   BANK1   BANK2
      Params:         0       3       0       0
      Locals:         1       0       0       0
      Temps:          0       0       0       0
      Totals:         1       3       0       0
Total ram usage:        4 bytes
 Hardware stack levels used:    1
 Hardware stack levels required when called:    3
 This function calls:
		Nothing
 This function is called by:
		_nec_ProcessPacket
 This function uses a non-reentrant model


 *************** function _nec_ExecuteCommand *****************
 Defined at:
		line 65 in file "NEC.c"
 Parameters:    Size  Location     Type
  NECcommand      1    wreg     unsigned char 
 Auto vars:     Size  Location     Type
  NECcommand      1    0[BANK0 ] unsigned char 
 Return value:  Size  Location     Type
                  1    wreg      void 
 Registers used:
		wreg, fsr0l, fsr0h, status,2, status,0, pclath, cstack
 Tracked objects:
		On entry : 
		On exit  : 
		Unchanged: 
 Data sizes:     COMMON   BANK0   BANK1   BANK2
      Params:         0       0       0       0
      Locals:         0       1       0       0
      Temps:          0       0       0       0
      Totals:         0       1       0       0
Total ram usage:        1 bytes
 Hardware stack levels used:    1
 Hardware stack levels required when called:    5
 This function calls:
		_led_Bright
		_led_Dim
		_led_Off
		_rtc_SetHourDelay
		_tmr_TMR1Dis
		_tmr_TMR1En
		_tmr_TMR1Reset
		_tmr_TMR1SOSCpowerLevel
		_tmr_TMR1setPreload
 This function is called by:
		_main
 This function uses a non-reentrant model


 *************** function _tmr_TMR1setPreload *****************
 Defined at:
		line 17 in file "tmr_TMR1.c"
 Parameters:    Size  Location     Type
  preload         2    4[COMMON] unsigned int 
 Auto vars:     Size  Location     Type
		None
 Return value:  Size  Location     Type
                  1    wreg      void 
 Registers used:
		wreg
 Tracked objects:
		On entry : 
		On exit  : 
		Unchanged: 
 Data sizes:     COMMON   BANK0   BANK1   BANK2
      Params:         2       0       0       0
      Locals:         0       0       0       0
      Temps:          0       0       0       0
      Totals:         2       0       0       0
Total ram usage:        2 bytes
 Hardware stack levels used:    1
 Hardware stack levels required when called:    3
 This function calls:
		Nothing
 This function is called by:
		_nec_ExecuteCommand
 This function uses a non-reentrant model


 *************** function _tmr_TMR1SOSCpowerLevel *****************
 Defined at:
		line 131 in file "tmr_TMR1.c"
 Parameters:    Size  Location     Type
  level           1    wreg     unsigned char 
 Auto vars:     Size  Location     Type
  level           1    4[COMMON] unsigned char 
 Return value:  Size  Location     Type
                  1    wreg      void 
 Registers used:
		wreg, fsr0l, fsr0h, status,2, status,0
 Tracked objects:
		On entry : 
		On exit  : 
		Unchanged: 
 Data sizes:     COMMON   BANK0   BANK1   BANK2
      Params:         0       0       0       0
      Locals:         1       0       0       0
      Temps:          0       0       0       0
      Totals:         1       0       0       0
Total ram usage:        1 bytes
 Hardware stack levels used:    1
 Hardware stack levels required when called:    3
 This function calls:
		Nothing
 This function is called by:
		_nec_ExecuteCommand
 This function uses a non-reentrant model


 *************** function _tmr_TMR1Dis *****************
 Defined at:
		line 153 in file "tmr_TMR1.c"
 Parameters:    Size  Location     Type
		None
 Auto vars:     Size  Location     Type
		None
 Return value:  Size  Location     Type
                  1    wreg      void 
 Registers used:
		None
 Tracked objects:
		On entry : 
		On exit  : 
		Unchanged: 
 Data sizes:     COMMON   BANK0   BANK1   BANK2
      Params:         0       0       0       0
      Locals:         0       0       0       0
      Temps:          0       0       0       0
      Totals:         0       0       0       0
Total ram usage:        0 bytes
 Hardware stack levels used:    1
 Hardware stack levels required when called:    3
 This function calls:
		Nothing
 This function is called by:
		_nec_ExecuteCommand
 This function uses a non-reentrant model


 *************** function _rtc_SetHourDelay *****************
 Defined at:
		line 10 in file "RTC.c"
 Parameters:    Size  Location     Type
  hours           1    wreg     unsigned char 
 Auto vars:     Size  Location     Type
  hours           1    5[COMMON] unsigned char 
 Return value:  Size  Location     Type
                  1    wreg      void 
 Registers used:
		wreg, status,2, status,0, pclath, cstack
 Tracked objects:
		On entry : 
		On exit  : 
		Unchanged: 
 Data sizes:     COMMON   BANK0   BANK1   BANK2
      Params:         0       0       0       0
      Locals:         1       0       0       0
      Temps:          1       0       0       0
      Totals:         2       0       0       0
Total ram usage:        2 bytes
 Hardware stack levels used:    1
 Hardware stack levels required when called:    4
 This function calls:
		_rtc_Reset
		_tmr_TMR1En
		_tmr_TMR1Reset
 This function is called by:
		_nec_ExecuteCommand
 This function uses a non-reentrant model


 *************** function _tmr_TMR1Reset *****************
 Defined at:
		line 160 in file "tmr_TMR1.c"
 Parameters:    Size  Location     Type
		None
 Auto vars:     Size  Location     Type
		None
 Return value:  Size  Location     Type
                  1    wreg      void 
 Registers used:
		wreg, status,2
 Tracked objects:
		On entry : 
		On exit  : 
		Unchanged: 
 Data sizes:     COMMON   BANK0   BANK1   BANK2
      Params:         0       0       0       0
      Locals:         0       0       0       0
      Temps:          0       0       0       0
      Totals:         0       0       0       0
Total ram usage:        0 bytes
 Hardware stack levels used:    1
 Hardware stack levels required when called:    3
 This function calls:
		Nothing
 This function is called by:
		_nec_ExecuteCommand
		_rtc_SetHourDelay
 This function uses a non-reentrant model


 *************** function _tmr_TMR1En *****************
 Defined at:
		line 145 in file "tmr_TMR1.c"
 Parameters:    Size  Location     Type
		None
 Auto vars:     Size  Location     Type
		None
 Return value:  Size  Location     Type
                  1    wreg      void 
 Registers used:
		None
 Tracked objects:
		On entry : 
		On exit  : 
		Unchanged: 
 Data sizes:     COMMON   BANK0   BANK1   BANK2
      Params:         0       0       0       0
      Locals:         0       0       0       0
      Temps:          0       0       0       0
      Totals:         0       0       0       0
Total ram usage:        0 bytes
 Hardware stack levels used:    1
 Hardware stack levels required when called:    3
 This function calls:
		Nothing
 This function is called by:
		_nec_ExecuteCommand
		_rtc_SetHourDelay
 This function uses a non-reentrant model


 *************** function _rtc_Reset *****************
 Defined at:
		line 18 in file "RTC.c"
 Parameters:    Size  Location     Type
		None
 Auto vars:     Size  Location     Type
		None
 Return value:  Size  Location     Type
                  1    wreg      void 
 Registers used:
		status,2
 Tracked objects:
		On entry : 
		On exit  : 
		Unchanged: 
 Data sizes:     COMMON   BANK0   BANK1   BANK2
      Params:         0       0       0       0
      Locals:         0       0       0       0
      Temps:          0       0       0       0
      Totals:         0       0       0       0
Total ram usage:        0 bytes
 Hardware stack levels used:    1
 Hardware stack levels required when called:    3
 This function calls:
		Nothing
 This function is called by:
		_main
		_rtc_SetHourDelay
 This function uses a non-reentrant model


 *************** function _led_Off *****************
 Defined at:
		line 28 in file "LED.c"
 Parameters:    Size  Location     Type
		None
 Auto vars:     Size  Location     Type
		None
 Return value:  Size  Location     Type
                  1    wreg      void 
 Registers used:
		status,2
 Tracked objects:
		On entry : 
		On exit  : 
		Unchanged: 
 Data sizes:     COMMON   BANK0   BANK1   BANK2
      Params:         0       0       0       0
      Locals:         0       0       0       0
      Temps:          0       0       0       0
      Totals:         0       0       0       0
Total ram usage:        0 bytes
 Hardware stack levels used:    1
 Hardware stack levels required when called:    3
 This function calls:
		Nothing
 This function is called by:
		_nec_ExecuteCommand
 This function uses a non-reentrant model


 *************** function _led_Dim *****************
 Defined at:
		line 22 in file "LED.c"
 Parameters:    Size  Location     Type
		None
 Auto vars:     Size  Location     Type
		None
 Return value:  Size  Location     Type
                  1    wreg      void 
 Registers used:
		None
 Tracked objects:
		On entry : 
		On exit  : 
		Unchanged: 
 Data sizes:     COMMON   BANK0   BANK1   BANK2
      Params:         0       0       0       0
      Locals:         0       0       0       0
      Temps:          0       0       0       0
      Totals:         0       0       0       0
Total ram usage:        0 bytes
 Hardware stack levels used:    1
 Hardware stack levels required when called:    3
 This function calls:
		Nothing
 This function is called by:
		_nec_ExecuteCommand
 This function uses a non-reentrant model


 *************** function _led_Bright *****************
 Defined at:
		line 15 in file "LED.c"
 Parameters:    Size  Location     Type
		None
 Auto vars:     Size  Location     Type
		None
 Return value:  Size  Location     Type
                  1    wreg      void 
 Registers used:
		None
 Tracked objects:
		On entry : 
		On exit  : 
		Unchanged: 
 Data sizes:     COMMON   BANK0   BANK1   BANK2
      Params:         0       0       0       0
      Locals:         0       0       0       0
      Temps:          0       0       0       0
      Totals:         0       0       0       0
Total ram usage:        0 bytes
 Hardware stack levels used:    1
 Hardware stack levels required when called:    3
 This function calls:
		Nothing
 This function is called by:
		_main
		_nec_ExecuteCommand
 This function uses a non-reentrant model


 *************** function _led_ConfigureLED *****************
 Defined at:
		line 8 in file "LED.c"
 Parameters:    Size  Location     Type
		None
 Auto vars:     Size  Location     Type
		None
 Return value:  Size  Location     Type
                  1    wreg      void 
 Registers used:
		None
 Tracked objects:
		On entry : 
		On exit  : 
		Unchanged: 
 Data sizes:     COMMON   BANK0   BANK1   BANK2
      Params:         0       0       0       0
      Locals:         0       0       0       0
      Temps:          0       0       0       0
      Totals:         0       0       0       0
Total ram usage:        0 bytes
 Hardware stack levels used:    1
 Hardware stack levels required when called:    3
 This function calls:
		Nothing
 This function is called by:
		_main
 This function uses a non-reentrant model


 *************** function _configureIOCInt *****************
 Defined at:
		line 16 in file "Interrupts.c"
 Parameters:    Size  Location     Type
		None
 Auto vars:     Size  Location     Type
		None
 Return value:  Size  Location     Type
                  1    wreg      void 
 Registers used:
		None
 Tracked objects:
		On entry : 
		On exit  : 
		Unchanged: 
 Data sizes:     COMMON   BANK0   BANK1   BANK2
      Params:         0       0       0       0
      Locals:         0       0       0       0
      Temps:          0       0       0       0
      Totals:         0       0       0       0
Total ram usage:        0 bytes
 Hardware stack levels used:    1
 Hardware stack levels required when called:    3
 This function calls:
		Nothing
 This function is called by:
		_main
 This function uses a non-reentrant model


 *************** function _accquisitionComplete *****************
 Defined at:
		line 36 in file "tmr_TMR0.c"
 Parameters:    Size  Location     Type
		None
 Auto vars:     Size  Location     Type
		None
 Return value:  Size  Location     Type
                  1    wreg      unsigned char 
 Registers used:
		wreg
 Tracked objects:
		On entry : 
		On exit  : 
		Unchanged: 
 Data sizes:     COMMON   BANK0   BANK1   BANK2
      Params:         0       0       0       0
      Locals:         0       0       0       0
      Temps:          0       0       0       0
      Totals:         0       0       0       0
Total ram usage:        0 bytes
 Hardware stack levels used:    1
 Hardware stack levels required when called:    3
 This function calls:
		Nothing
 This function is called by:
		_main
 This function uses a non-reentrant model


 *************** function _ISR *****************
 Defined at:
		line 32 in file "Interrupts.c"
 Parameters:    Size  Location     Type
		None
 Auto vars:     Size  Location     Type
		None
 Return value:  Size  Location     Type
                  1    wreg      void 
 Registers used:
		wreg, fsr1l, fsr1h, status,2, status,0, pclath, cstack
 Tracked objects:
		On entry : 
		On exit  : 
		Unchanged: 
 Data sizes:     COMMON   BANK0   BANK1   BANK2
      Params:         0       0       0       0
      Locals:         0       0       0       0
      Temps:          1       0       0       0
      Totals:         1       0       0       0
Total ram usage:        1 bytes
 Hardware stack levels used:    1
 Hardware stack levels required when called:    2
 This function calls:
		_led_Toggle
		_rtc_ISR
		_tmr_TMR0IncRollovers
		_tmr_TMR0mark
		i1_tmr_TMR1Reset
 This function is called by:
		Interrupt level 1
 This function uses a non-reentrant model


 *************** function i1_tmr_TMR1Reset *****************
 Defined at:
		line 160 in file "tmr_TMR1.c"
 Parameters:    Size  Location     Type
		None
 Auto vars:     Size  Location     Type
		None
 Return value:  Size  Location     Type
                  1    wreg      void 
 Registers used:
		wreg, status,2
 Tracked objects:
		On entry : 
		On exit  : 
		Unchanged: 
 Data sizes:     COMMON   BANK0   BANK1   BANK2
      Params:         0       0       0       0
      Locals:         0       0       0       0
      Temps:          0       0       0       0
      Totals:         0       0       0       0
Total ram usage:        0 bytes
 Hardware stack levels used:    1
 This function calls:
		Nothing
 This function is called by:
		_ISR
 This function uses a non-reentrant model


 *************** function _tmr_TMR0mark *****************
 Defined at:
		line 40 in file "tmr_TMR0.c"
 Parameters:    Size  Location     Type
		None
 Auto vars:     Size  Location     Type
		None
 Return value:  Size  Location     Type
                  1    wreg      void 
 Registers used:
		wreg, fsr1l, fsr1h, status,2, status,0
 Tracked objects:
		On entry : 
		On exit  : 
		Unchanged: 
 Data sizes:     COMMON   BANK0   BANK1   BANK2
      Params:         0       0       0       0
      Locals:         0       0       0       0
      Temps:          3       0       0       0
      Totals:         3       0       0       0
Total ram usage:        3 bytes
 Hardware stack levels used:    1
 This function calls:
		Nothing
 This function is called by:
		_ISR
 This function uses a non-reentrant model


 *************** function _tmr_TMR0IncRollovers *****************
 Defined at:
		line 57 in file "tmr_TMR0.c"
 Parameters:    Size  Location     Type
		None
 Auto vars:     Size  Location     Type
		None
 Return value:  Size  Location     Type
                  1    wreg      void 
 Registers used:
		wreg, status,2, status,0, pclath, cstack
 Tracked objects:
		On entry : 
		On exit  : 
		Unchanged: 
 Data sizes:     COMMON   BANK0   BANK1   BANK2
      Params:         0       0       0       0
      Locals:         0       0       0       0
      Temps:          1       0       0       0
      Totals:         1       0       0       0
Total ram usage:        1 bytes
 Hardware stack levels used:    1
 Hardware stack levels required when called:    1
 This function calls:
		_tmr_TMR0Dis
 This function is called by:
		_ISR
 This function uses a non-reentrant model


 *************** function _tmr_TMR0Dis *****************
 Defined at:
		line 85 in file "tmr_TMR0.c"
 Parameters:    Size  Location     Type
		None
 Auto vars:     Size  Location     Type
		None
 Return value:  Size  Location     Type
                  1    wreg      void 
 Registers used:
		None
 Tracked objects:
		On entry : 
		On exit  : 
		Unchanged: 
 Data sizes:     COMMON   BANK0   BANK1   BANK2
      Params:         0       0       0       0
      Locals:         0       0       0       0
      Temps:          0       0       0       0
      Totals:         0       0       0       0
Total ram usage:        0 bytes
 Hardware stack levels used:    1
 This function calls:
		Nothing
 This function is called by:
		_tmr_TMR0IncRollovers
 This function uses a non-reentrant model


 *************** function _rtc_ISR *****************
 Defined at:
		line 24 in file "RTC.c"
 Parameters:    Size  Location     Type
		None
 Auto vars:     Size  Location     Type
		None
 Return value:  Size  Location     Type
                  1    wreg      void 
 Registers used:
		wreg, status,2, status,0, pclath, cstack
 Tracked objects:
		On entry : 
		On exit  : 
		Unchanged: 
 Data sizes:     COMMON   BANK0   BANK1   BANK2
      Params:         0       0       0       0
      Locals:         0       0       0       0
      Temps:          1       0       0       0
      Totals:         1       0       0       0
Total ram usage:        1 bytes
 Hardware stack levels used:    1
 Hardware stack levels required when called:    1
 This function calls:
		i1_led_Off
		i1_tmr_TMR1Dis
 This function is called by:
		_ISR
 This function uses a non-reentrant model


 *************** function i1_tmr_TMR1Dis *****************
 Defined at:
		line 153 in file "tmr_TMR1.c"
 Parameters:    Size  Location     Type
		None
 Auto vars:     Size  Location     Type
		None
 Return value:  Size  Location     Type
                  1    wreg      void 
 Registers used:
		None
 Tracked objects:
		On entry : 
		On exit  : 
		Unchanged: 
 Data sizes:     COMMON   BANK0   BANK1   BANK2
      Params:         0       0       0       0
      Locals:         0       0       0       0
      Temps:          0       0       0       0
      Totals:         0       0       0       0
Total ram usage:        0 bytes
 Hardware stack levels used:    1
 This function calls:
		Nothing
 This function is called by:
		_rtc_ISR
 This function uses a non-reentrant model


 *************** function _led_Toggle *****************
 Defined at:
		line 35 in file "LED.c"
 Parameters:    Size  Location     Type
		None
 Auto vars:     Size  Location     Type
		None
 Return value:  Size  Location     Type
                  1    wreg      void 
 Registers used:
		wreg, status,2, status,0, pclath, cstack
 Tracked objects:
		On entry : 
		On exit  : 
		Unchanged: 
 Data sizes:     COMMON   BANK0   BANK1   BANK2
      Params:         0       0       0       0
      Locals:         0       0       0       0
      Temps:          0       0       0       0
      Totals:         0       0       0       0
Total ram usage:        0 bytes
 Hardware stack levels used:    1
 Hardware stack levels required when called:    1
 This function calls:
		i1_led_Bright
		i1_led_Off
 This function is called by:
		_ISR
 This function uses a non-reentrant model


 *************** function i1_led_Off *****************
 Defined at:
		line 28 in file "LED.c"
 Parameters:    Size  Location     Type
		None
 Auto vars:     Size  Location     Type
		None
 Return value:  Size  Location     Type
                  1    wreg      void 
 Registers used:
		status,2
 Tracked objects:
		On entry : 
		On exit  : 
		Unchanged: 
 Data sizes:     COMMON   BANK0   BANK1   BANK2
      Params:         0       0       0       0
      Locals:         0       0       0       0
      Temps:          0       0       0       0
      Totals:         0       0       0       0
Total ram usage:        0 bytes
 Hardware stack levels used:    1
 This function calls:
		Nothing
 This function is called by:
		_led_Toggle
		_rtc_ISR
 This function uses a non-reentrant model


 *************** function i1_led_Bright *****************
 Defined at:
		line 15 in file "LED.c"
 Parameters:    Size  Location     Type
		None
 Auto vars:     Size  Location     Type
		None
 Return value:  Size  Location     Type
                  1    wreg      void 
 Registers used:
		None
 Tracked objects:
		On entry : 
		On exit  : 
		Unchanged: 
 Data sizes:     COMMON   BANK0   BANK1   BANK2
      Params:         0       0       0       0
      Locals:         0       0       0       0
      Temps:          0       0       0       0
      Totals:         0       0       0       0
Total ram usage:        0 bytes
 Hardware stack levels used:    1
 This function calls:
		Nothing
 This function is called by:
		_led_Toggle
 This function uses a non-reentrant model



MODULE INFORMATION

Module		Function		Class		Link	Load	Size
LED.c
		_led_ConfigureLED		CODE           	0334	0000	10
		_led_Toggle    		CODE           	02FF	0000	15
		_led_Dim       		CODE           	034E	0000	9
		_led_Bright    		CODE           	030D	0000	11
		_led_Off       		CODE           	032B	0000	10

LED.c estimated size: 55

PowerManagement.c
		_pwrmgmt_DisablePeripherals		CODE           	02A8	0000	20

PowerManagement.c estimated size: 20

tmr_TMR1.c
		_tmr_TMR1SOSCpowerLevel		CODE           	0294	0000	21
		_tmr_TMR1En    		CODE           	037B	0000	5
		_tmr_TMR1Dis   		CODE           	0377	0000	5
		_tmr_TMR1Init  		CODE           	027E	0000	23
		_tmr_TMR1Reset 		CODE           	0346	0000	9
		_tmr_TMR1setPreload		CODE           	0369	0000	6

tmr_TMR1.c estimated size: 69

Oscillator.c
		_osc_Config1MHz		CODE           	0364	0000	6

Oscillator.c estimated size: 6

NEC.c
		_nec_ProcessPacket		CODE           	007E	0000	197
		_nec_ExecuteCommand		CODE           	0142	0000	159

NEC.c estimated size: 356

Interrupts.c
		_ISR           		CODE           	0004	0000	69
		_configureIOCInt		CODE           	0317	0000	11

Interrupts.c estimated size: 80

shared
		i1_led_Off     		CODE           	033D	0000	10
		i1_tmr_TMR1Dis 		CODE           	037F	0000	5
		i1_led_Bright  		CODE           	0321	0000	11
		__initialization		CODE           	0049	0000	51
		i1_tmr_TMR1Reset		CODE           	0356	0000	9

shared estimated size: 86

tmr_TMR0.c
		_tmr_computeDelta		CODE           	02BB	0000	19
		_tmr_TMR0Dis   		CODE           	0386	0000	4
		_tmr_TMR0mark  		CODE           	0220	0000	35
		_tmr_TMR0Init  		CODE           	02CD	0000	18
		_tmr_TMR0reset 		CODE           	0242	0000	33
		_tmr_TMR0IncRollovers		CODE           	02DE	0000	18
		_accquisitionComplete		CODE           	0383	0000	4

tmr_TMR0.c estimated size: 131

main.c
		_main          		CODE           	01E0	0000	65

main.c estimated size: 65

RTC.c
		_rtc_Reset     		CODE           	036E	0000	6
		_rtc_SetHourDelay		CODE           	02EF	0000	17
		_rtc_ISR       		CODE           	0262	0000	29

RTC.c estimated size: 52

